Archive member included to satisfy reference by file (symbol)

c:/users/luke/desktop/mcha toolchain windows/toolchain/gcc-arm-none-eabi/bin/../lib/gcc/arm-none-eabi/11.2.1/thumb/v7e-m+fp/hard\libgcc.a(_aeabi_ldivmod.o)
                              build/uart.o (__aeabi_ldivmod)
c:/users/luke/desktop/mcha toolchain windows/toolchain/gcc-arm-none-eabi/bin/../lib/gcc/arm-none-eabi/11.2.1/thumb/v7e-m+fp/hard\libgcc.a(_aeabi_uldivmod.o)
                              build/uart.o (__aeabi_uldivmod)
c:/users/luke/desktop/mcha toolchain windows/toolchain/gcc-arm-none-eabi/bin/../lib/gcc/arm-none-eabi/11.2.1/thumb/v7e-m+fp/hard\libgcc.a(_udivmoddi4.o)
                              c:/users/luke/desktop/mcha toolchain windows/toolchain/gcc-arm-none-eabi/bin/../lib/gcc/arm-none-eabi/11.2.1/thumb/v7e-m+fp/hard\libgcc.a(_aeabi_ldivmod.o) (__udivmoddi4)
c:/users/luke/desktop/mcha toolchain windows/toolchain/gcc-arm-none-eabi/bin/../lib/gcc/arm-none-eabi/11.2.1/thumb/v7e-m+fp/hard\libgcc.a(_dvmd_tls.o)
                              c:/users/luke/desktop/mcha toolchain windows/toolchain/gcc-arm-none-eabi/bin/../lib/gcc/arm-none-eabi/11.2.1/thumb/v7e-m+fp/hard\libgcc.a(_aeabi_ldivmod.o) (__aeabi_ldiv0)
c:/users/luke/desktop/mcha toolchain windows/toolchain/gcc-arm-none-eabi/bin/../lib/gcc/arm-none-eabi/11.2.1/thumb/v7e-m+fp/hard\libc_nano.a(lib_a-ctype_.o)
                              build/cmd_parser.o (_ctype_)
c:/users/luke/desktop/mcha toolchain windows/toolchain/gcc-arm-none-eabi/bin/../lib/gcc/arm-none-eabi/11.2.1/thumb/v7e-m+fp/hard\libc_nano.a(lib_a-exit.o)
                              c:/users/luke/desktop/mcha toolchain windows/toolchain/gcc-arm-none-eabi/bin/../lib/gcc/arm-none-eabi/11.2.1/thumb/v7e-m+fp/hard/crt0.o (exit)
c:/users/luke/desktop/mcha toolchain windows/toolchain/gcc-arm-none-eabi/bin/../lib/gcc/arm-none-eabi/11.2.1/thumb/v7e-m+fp/hard\libc_nano.a(lib_a-getchar.o)
                              build/cmd_line_buffer.o (getchar)
c:/users/luke/desktop/mcha toolchain windows/toolchain/gcc-arm-none-eabi/bin/../lib/gcc/arm-none-eabi/11.2.1/thumb/v7e-m+fp/hard\libc_nano.a(lib_a-getc.o)
                              c:/users/luke/desktop/mcha toolchain windows/toolchain/gcc-arm-none-eabi/bin/../lib/gcc/arm-none-eabi/11.2.1/thumb/v7e-m+fp/hard\libc_nano.a(lib_a-getchar.o) (_getc_r)
c:/users/luke/desktop/mcha toolchain windows/toolchain/gcc-arm-none-eabi/bin/../lib/gcc/arm-none-eabi/11.2.1/thumb/v7e-m+fp/hard\libc_nano.a(lib_a-impure.o)
                              c:/users/luke/desktop/mcha toolchain windows/toolchain/gcc-arm-none-eabi/bin/../lib/gcc/arm-none-eabi/11.2.1/thumb/v7e-m+fp/hard\libc_nano.a(lib_a-exit.o) (_global_impure_ptr)
c:/users/luke/desktop/mcha toolchain windows/toolchain/gcc-arm-none-eabi/bin/../lib/gcc/arm-none-eabi/11.2.1/thumb/v7e-m+fp/hard\libc_nano.a(lib_a-init.o)
                              c:/users/luke/desktop/mcha toolchain windows/toolchain/gcc-arm-none-eabi/bin/../lib/gcc/arm-none-eabi/11.2.1/thumb/v7e-m+fp/hard/crt0.o (__libc_init_array)
c:/users/luke/desktop/mcha toolchain windows/toolchain/gcc-arm-none-eabi/bin/../lib/gcc/arm-none-eabi/11.2.1/thumb/v7e-m+fp/hard\libc_nano.a(lib_a-malloc.o)
                              build/FreeRTOS/heap_useNewlib.o (malloc)
c:/users/luke/desktop/mcha toolchain windows/toolchain/gcc-arm-none-eabi/bin/../lib/gcc/arm-none-eabi/11.2.1/thumb/v7e-m+fp/hard\libc_nano.a(lib_a-memcpy-stub.o)
                              build/FreeRTOS/queue.o (memcpy)
c:/users/luke/desktop/mcha toolchain windows/toolchain/gcc-arm-none-eabi/bin/../lib/gcc/arm-none-eabi/11.2.1/thumb/v7e-m+fp/hard\libc_nano.a(lib_a-memset.o)
                              c:/users/luke/desktop/mcha toolchain windows/toolchain/gcc-arm-none-eabi/bin/../lib/gcc/arm-none-eabi/11.2.1/thumb/v7e-m+fp/hard/crt0.o (memset)
c:/users/luke/desktop/mcha toolchain windows/toolchain/gcc-arm-none-eabi/bin/../lib/gcc/arm-none-eabi/11.2.1/thumb/v7e-m+fp/hard\libc_nano.a(lib_a-mstats.o)
                              build/FreeRTOS/heap_useNewlib.o (mallinfo)
c:/users/luke/desktop/mcha toolchain windows/toolchain/gcc-arm-none-eabi/bin/../lib/gcc/arm-none-eabi/11.2.1/thumb/v7e-m+fp/hard\libc_nano.a(lib_a-nano-freer.o)
                              c:/users/luke/desktop/mcha toolchain windows/toolchain/gcc-arm-none-eabi/bin/../lib/gcc/arm-none-eabi/11.2.1/thumb/v7e-m+fp/hard\libc_nano.a(lib_a-malloc.o) (_free_r)
c:/users/luke/desktop/mcha toolchain windows/toolchain/gcc-arm-none-eabi/bin/../lib/gcc/arm-none-eabi/11.2.1/thumb/v7e-m+fp/hard\libc_nano.a(lib_a-nano-mallinfor.o)
                              c:/users/luke/desktop/mcha toolchain windows/toolchain/gcc-arm-none-eabi/bin/../lib/gcc/arm-none-eabi/11.2.1/thumb/v7e-m+fp/hard\libc_nano.a(lib_a-mstats.o) (_mallinfo_r)
c:/users/luke/desktop/mcha toolchain windows/toolchain/gcc-arm-none-eabi/bin/../lib/gcc/arm-none-eabi/11.2.1/thumb/v7e-m+fp/hard\libc_nano.a(lib_a-nano-mallocr.o)
[...]
Memory Configuration

Name             Origin             Length             Attributes
FLASH            0x08000000         0x00080000         xr
RAM              0x20000000         0x00020000         xrw
*default*        0x00000000         0xffffffff

Linker script and memory map

LOAD c:/users/luke/desktop/mcha toolchain windows/toolchain/gcc-arm-none-eabi/bin/../lib/gcc/arm-none-eabi/11.2.1/thumb/v7e-m+fp/hard/crti.o
LOAD c:/users/luke/desktop/mcha toolchain windows/toolchain/gcc-arm-none-eabi/bin/../lib/gcc/arm-none-eabi/11.2.1/thumb/v7e-m+fp/hard/crtbegin.o
LOAD c:/users/luke/desktop/mcha toolchain windows/toolchain/gcc-arm-none-eabi/bin/../lib/gcc/arm-none-eabi/11.2.1/thumb/v7e-m+fp/hard/crt0.o
LOAD build/stm32f4xx_it.o
LOAD build/system_stm32f4xx.o
LOAD build/cmd_line_buffer.o
LOAD build/cmd_parser.o
LOAD build/cmd_task.o
LOAD build/main.o
LOAD build/uart.o
LOAD build/heartbeat_task.o
LOAD build/heartbeat_cmd.o
LOAD build/dummy_task.o
LOAD build/startup_stm32f446xx.o
LOAD build/stm32f4_HAL/stm32f4xx_hal.o
LOAD build/stm32f4_HAL/stm32f4xx_hal_dma.o
LOAD build/stm32f4_HAL/stm32f4xx_hal_adc.o
LOAD build/stm32f4_HAL/stm32f4xx_hal_adc_ex.o
LOAD build/stm32f4_HAL/stm32f4xx_hal_gpio.o
LOAD build/stm32f4_HAL/stm32f4xx_ll_gpio.o
LOAD build/stm32f4_HAL/stm32f4xx_ll_usart.o
LOAD build/stm32f4_HAL/stm32f4xx_ll_dma.o
LOAD build/stm32f4_HAL/stm32f4xx_ll_rcc.o
LOAD build/stm32f4_HAL/stm32f4xx_hal_i2c.o
LOAD build/stm32f4_HAL/stm32f4xx_hal_i2c_ex.o
LOAD build/stm32f4_HAL/stm32f4xx_hal_tim.o
LOAD build/stm32f4_HAL/stm32f4xx_hal_tim_ex.o
LOAD build/stm32f4_HAL/stm32f4xx_hal_rtc.o
LOAD build/stm32f4_HAL/stm32f4xx_hal_rcc.o
LOAD build/stm32f4_HAL/stm32f4xx_hal_rcc_ex.o
LOAD build/stm32f4_HAL/stm32f4xx_hal_pwr.o
LOAD build/stm32f4_HAL/stm32f4xx_hal_pwr_ex.o
LOAD build/stm32f4_HAL/stm32f4xx_hal_cortex.o
LOAD build/stm32f4_HAL/stm32f4xx_hal_spi.o
LOAD build/stm32f4_HAL/stm32f4xx_hal_dac.o
LOAD build/stm32f4_HAL/stm32f4xx_hal_dac_ex.o
LOAD build/stm32f4_HAL/stm32f4xx_hal_can.o
LOAD build/FreeRTOS/croutine.o
LOAD build/FreeRTOS/event_groups.o
LOAD build/FreeRTOS/list.o
LOAD build/FreeRTOS/queue.o
LOAD build/FreeRTOS/tasks.o
LOAD build/FreeRTOS/timers.o
LOAD build/FreeRTOS/stream_buffer.o
LOAD build/FreeRTOS/cmsis_os2.o
LOAD build/FreeRTOS/clib_arm.o
LOAD build/FreeRTOS/os_systick.o
LOAD build/FreeRTOS/heap_useNewlib.o
LOAD build/FreeRTOS/port.o
LOAD c:/users/luke/desktop/mcha toolchain windows/toolchain/gcc-arm-none-eabi/bin/../lib/gcc/arm-none-eabi/11.2.1/thumb/v7e-m+fp/hard\libm.a
LOAD ../../libraries/STM32Cube_F4_FW/Drivers/CMSIS/Lib/GCC/libarm_cortexM4lf_math.a
START GROUP
LOAD c:/users/luke/desktop/mcha toolchain windows/toolchain/gcc-arm-none-eabi/bin/../lib/gcc/arm-none-eabi/11.2.1/thumb/v7e-m+fp/hard\libgcc.a
LOAD c:/users/luke/desktop/mcha toolchain windows/toolchain/gcc-arm-none-eabi/bin/../lib/gcc/arm-none-eabi/11.2.1/thumb/v7e-m+fp/hard\libc_nano.a
END GROUP
START GROUP
LOAD c:/users/luke/desktop/mcha toolchain windows/toolchain/gcc-arm-none-eabi/bin/../lib/gcc/arm-none-eabi/11.2.1/thumb/v7e-m+fp/hard\libgcc.a
LOAD c:/users/luke/desktop/mcha toolchain windows/toolchain/gcc-arm-none-eabi/bin/../lib/gcc/arm-none-eabi/11.2.1/thumb/v7e-m+fp/hard\libc_nano.a
LOAD c:/users/luke/desktop/mcha toolchain windows/toolchain/gcc-arm-none-eabi/bin/../lib/gcc/arm-none-eabi/11.2.1/thumb/v7e-m+fp/hard\libnosys.a
END GROUP
START GROUP
LOAD c:/users/luke/desktop/mcha toolchain windows/toolchain/gcc-arm-none-eabi/bin/../lib/gcc/arm-none-eabi/11.2.1/thumb/v7e-m+fp/hard\libgcc.a
LOAD c:/users/luke/desktop/mcha toolchain windows/toolchain/gcc-arm-none-eabi/bin/../lib/gcc/arm-none-eabi/11.2.1/thumb/v7e-m+fp/hard\libc_nano.a
LOAD c:/users/luke/desktop/mcha toolchain windows/toolchain/gcc-arm-none-eabi/bin/../lib/gcc/arm-none-eabi/11.2.1/thumb/v7e-m+fp/hard\libnosys.a
END GROUP
LOAD c:/users/luke/desktop/mcha toolchain windows/toolchain/gcc-arm-none-eabi/bin/../lib/gcc/arm-none-eabi/11.2.1/thumb/v7e-m+fp/hard/crtend.o
LOAD c:/users/luke/desktop/mcha toolchain windows/toolchain/gcc-arm-none-eabi/bin/../lib/gcc/arm-none-eabi/11.2.1/thumb/v7e-m+fp/hard/crtn.o
                0x20020000                _estack = 0x20020000
                0x00010000                _Min_Heap_Size = 0x10000
                0x00002000                _Min_Stack_Size = 0x2000

.isr_vector     0x08000000      0x1c4
                0x08000000                . = ALIGN (0x4)
 *(.isr_vector)
 .isr_vector    0x08000000      0x1c4 build/startup_stm32f446xx.o
                0x08000000                g_pfnVectors
                0x080001c4                . = ALIGN (0x4)

.text           0x080001d0    0x16560
                0x080001d0                . = ALIGN (0x4)
 *(.text)
 .text          0x080001d0        0x0 c:/users/luke/desktop/mcha toolchain windows/toolchain/gcc-arm-none-eabi/bin/../lib/gcc/arm-none-eabi/11.2.1/thumb/v7e-m+fp/hard/crti.o
 .text          0x080001d0        0x0 c:/users/luke/desktop/mcha toolchain windows/toolchain/gcc-arm-none-eabi/bin/../lib/gcc/arm-none-eabi/11.2.1/thumb/v7e-m+fp/hard/crtbegin.o
 .text          0x080001d0       0x7c c:/users/luke/desktop/mcha toolchain windows/toolchain/gcc-arm-none-eabi/bin/../lib/gcc/arm-none-eabi/11.2.1/thumb/v7e-m+fp/hard/crt0.o
                0x080001d0                _stack_init
                0x080001d8                _start
                0x080001d8                _mainCRTStartup
 .text          0x0800024c        0xc build/stm32f4xx_it.o
                0x0800024c                NMI_Handler
                0x0800024e                HardFault_Handler
                0x08000250                MemManage_Handler
                0x08000252                BusFault_Handler
                0x08000254                UsageFault_Handler
                0x08000256                DebugMon_Handler
 .text          0x08000258       0xb8 build/system_stm32f4xx.o
                0x08000258                SystemInit
                0x080002a4                SystemCoreClockUpdate
 .text          0x08000310      0x104 build/cmd_line_buffer.o
                0x08000310                clb_init
                0x0800031a                clb_is_empty
                0x08000324                clb_is_full
                0x08000332                clb_delc
                0x0800033c                clb_is_cmd_ready
                0x08000354                clb_putc
                0x08000374                clb_consume_char
                0x0800039c                clb_consume_str
                0x080003b6                clb_gets_at
                0x080003ce                clb_gets
                0x080003d4                clb_process
 .text          0x08000414      0x154 build/cmd_parser.o
                0x080004b0                cmd_parse
 .text          0x08000568       0x4c build/cmd_task.o
                0x08000588                cmd_task_init
 .text          0x080005b4        0x0 build/main.o
 .text          0x080005b4      0x47c build/uart.o
                0x080005b4                uart_init
                0x08000884                __wrap_printf
                0x080008bc                __io_putchar
                0x080008ec                __io_getchar
                0x08000908                _write
                0x08000926                _read
                0x0800093a                _uart_rxne_isr
                0x08000964                _uart_txe_isr
                0x0800099c                _uart_error
                0x080009f4                USART2_IRQHandler
 .text          0x08000a30       0xc4 build/heartbeat_task.o
                0x08000a4c                heartbeat_task_init
                0x08000aa8                heartbeat_task_start
                0x08000ac0                heartbeat_task_stop
                0x08000ad8                heartbeat_task_is_running
                0x08000ae4                heartbeat_task_deinit
 .text          0x08000af4       0x70 build/heartbeat_cmd.o
                0x08000af4                heartbeat_cmd
 .text          0x08000b64       0x80 build/dummy_task.o
                0x08000b70                dummy_task_init
                0x08000b98                dummy_task_start
                0x08000bb0                dummy_task_stop
                0x08000bc8                dummy_task_is_running
                0x08000bd4                dummy_task_deinit
 .text          0x08000be4       0x14 build/startup_stm32f446xx.o
 .text          0x08000bf8      0x210 build/stm32f4_HAL/stm32f4xx_hal.o
                0x08000bf8                HAL_MspInit
                0x08000bfa                HAL_MspDeInit
                0x08000bfc                HAL_DeInit
                0x08000c28                HAL_InitTick
                0x08000c6c                HAL_Init
                0x08000ca0                HAL_IncTick
                0x08000cb8                HAL_GetTick
                0x08000cc4                HAL_GetTickPrio
                0x08000cd0                HAL_SetTickFreq
                0x08000cf0                HAL_GetTickFreq
                0x08000cfc                HAL_Delay
                0x08000d24                HAL_SuspendTick
                0x08000d32                HAL_ResumeTick
                0x08000d40                HAL_GetHalVersion
                0x08000d48                HAL_GetREVID
                0x08000d54                HAL_GetDEVID
                0x08000d64                HAL_DBGMCU_EnableDBGSleepMode
                0x08000d74                HAL_DBGMCU_DisableDBGSleepMode
                0x08000d84                HAL_DBGMCU_EnableDBGStopMode
                0x08000d94                HAL_DBGMCU_DisableDBGStopMode
                0x08000da4                HAL_DBGMCU_EnableDBGStandbyMode
                0x08000db4                HAL_DBGMCU_DisableDBGStandbyMode
                0x08000dc4                HAL_EnableCompensationCell
                0x08000dd4                HAL_DisableCompensationCell
                0x08000de4                HAL_GetUIDw0
                0x08000df0                HAL_GetUIDw1
                0x08000dfc                HAL_GetUIDw2
 .text          0x08000e08      0x62c build/stm32f4_HAL/stm32f4xx_hal_dma.o
                0x08000e34                HAL_DMA_Init
                0x08000f30                HAL_DMA_DeInit
                0x08000f84                HAL_DMA_Start
                0x08000fd8                HAL_DMA_Start_IT
                0x0800104c                HAL_DMA_Abort
                0x080010d4                HAL_DMA_Abort_IT
                0x080010f8                HAL_DMA_PollForTransfer
                0x08001206                HAL_DMA_IRQHandler
                0x08001380                HAL_DMA_RegisterCallback
                0x080013c8                HAL_DMA_UnRegisterCallback
                0x0800142a                HAL_DMA_GetState
                0x08001430                HAL_DMA_GetError
 .text          0x08001434      0x9c4 build/stm32f4_HAL/stm32f4xx_hal_adc.o
                0x08001434                HAL_ADC_MspInit
                0x08001436                HAL_ADC_Init
                0x08001584                HAL_ADC_MspDeInit
                0x08001586                HAL_ADC_DeInit
                0x080015ba                HAL_ADC_Start
                0x080016a4                HAL_ADC_Stop
                0x080016da                HAL_ADC_PollForConversion
                0x08001778                HAL_ADC_PollForEvent
                0x080017de                HAL_ADC_Start_IT
                0x080018d4                HAL_ADC_Stop_IT
                0x0800191c                HAL_ADC_Start_DMA
                0x08001a40                HAL_ADC_Stop_DMA
                0x08001a9a                HAL_ADC_GetValue
                0x08001aa0                HAL_ADC_ConvCpltCallback
                0x08001aa2                HAL_ADC_ConvHalfCpltCallback
                0x08001aae                HAL_ADC_LevelOutOfWindowCallback
                0x08001ab0                HAL_ADC_ErrorCallback
                0x08001ab2                HAL_ADC_IRQHandler
                0x08001c5c                HAL_ADC_ConfigChannel
                0x08001d90                HAL_ADC_AnalogWDGConfig
                0x08001dee                HAL_ADC_GetState
                0x08001df2                HAL_ADC_GetError
 .text          0x08001df8      0x6a8 build/stm32f4_HAL/stm32f4xx_hal_adc_ex.o
                0x08001e68                HAL_ADCEx_InjectedStart
                0x08001f1c                HAL_ADCEx_InjectedStart_IT
                0x08001fd8                HAL_ADCEx_InjectedStop
                0x08002032                HAL_ADCEx_InjectedPollForConversion
                0x080020ba                HAL_ADCEx_InjectedStop_IT
                0x0800211c                HAL_ADCEx_InjectedGetValue
                0x0800214e                HAL_ADCEx_MultiModeStart_DMA
                0x08002248                HAL_ADCEx_MultiModeStop_DMA
                0x080022a8                HAL_ADCEx_MultiModeGetValue
                0x080022b4                HAL_ADCEx_InjectedConvCpltCallback
                0x080022b6                HAL_ADCEx_InjectedConfigChannel
                0x08002450                HAL_ADCEx_MultiModeConfigChannel
 .text          0x080024a0      0x32c build/stm32f4_HAL/stm32f4xx_hal_gpio.o
                0x080024a0                HAL_GPIO_Init
                0x0800264c                HAL_GPIO_DeInit
                0x08002764                HAL_GPIO_ReadPin
                0x08002770                HAL_GPIO_WritePin
                0x0800277a                HAL_GPIO_TogglePin
                0x08002788                HAL_GPIO_LockPin
                0x080027b2                HAL_GPIO_EXTI_Callback
                0x080027b4                HAL_GPIO_EXTI_IRQHandler
 .text          0x080027cc      0x220 build/stm32f4_HAL/stm32f4xx_ll_gpio.o
                0x080027ec                LL_GPIO_DeInit
                0x08002898                LL_GPIO_Init
                0x080029d4                LL_GPIO_StructInit
 .text          0x080029ec      0x21c build/stm32f4_HAL/stm32f4xx_ll_usart.o
                0x080029ec                LL_USART_DeInit
                0x08002aac                LL_USART_Init
                0x08002ba8                LL_USART_StructInit
                0x08002bc0                LL_USART_ClockInit
                0x08002bfa                LL_USART_ClockStructInit
 .text          0x08002c08      0x22c build/stm32f4_HAL/stm32f4xx_ll_dma.o
                0x08002c08                LL_DMA_DeInit
                0x08002d8c                LL_DMA_Init
                0x08002e10                LL_DMA_StructInit
 .text          0x08002e34      0x60c build/stm32f4_HAL/stm32f4xx_ll_rcc.o
                0x08002e44                LL_RCC_DeInit
                0x08002ef4                LL_RCC_GetCECClockFreq
                0x08002f20                RCC_GetHCLKClockFreq
                0x08002f38                RCC_GetPCLK1ClockFreq
                0x08002f50                RCC_GetPCLK2ClockFreq
                0x08002f68                RCC_PLL_GetFreqDomain_SYS
                0x08002fb0                RCC_GetSystemClockFreq
                0x08002fe0                LL_RCC_GetSystemClocksFreq
                0x08003002                LL_RCC_GetFMPI2CClockFreq
                0x08003054                RCC_PLL_GetFreqDomain_48M
                0x08003090                RCC_PLL_GetFreqDomain_I2S
                0x080030cc                RCC_PLL_GetFreqDomain_SPDIFRX
                0x080030d0                RCC_PLL_GetFreqDomain_SAI
                0x080030d4                RCC_PLLSAI_GetFreqDomain_SAI
                0x08003124                RCC_PLLSAI_GetFreqDomain_48M
                0x08003168                LL_RCC_GetSDIOClockFreq
                0x080031b0                LL_RCC_GetUSBClockFreq
                0x080031e4                RCC_PLLI2S_GetFreqDomain_SAI
                0x08003234                LL_RCC_GetSAIClockFreq
                0x080032ec                RCC_PLLI2S_GetFreqDomain_SPDIFRX
                0x08003330                LL_RCC_GetSPDIFRXClockFreq
                0x08003364                RCC_PLLI2S_GetFreqDomain_I2S
                0x080033a8                LL_RCC_GetI2SClockFreq
 .text          0x08003440     0x3208 build/stm32f4_HAL/stm32f4xx_hal_i2c.o
                0x08003864                HAL_I2C_MspInit
                0x08003866                HAL_I2C_Init
                0x080039b4                HAL_I2C_MspDeInit
                0x080039b6                HAL_I2C_DeInit
                0x080039e8                HAL_I2C_Master_Transmit
                0x08003b98                HAL_I2C_Master_Receive
                0x08003e78                HAL_I2C_Slave_Transmit
                0x08003fd8                HAL_I2C_Slave_Receive
                0x08004154                HAL_I2C_Master_Transmit_IT
                0x08004204                HAL_I2C_Master_Receive_IT
                0x080042bc                HAL_I2C_Slave_Transmit_IT
                0x0800432c                HAL_I2C_Slave_Receive_IT
                0x0800439c                HAL_I2C_Master_Transmit_DMA
                0x080044c8                HAL_I2C_Master_Receive_DMA
                0x080045f0                HAL_I2C_Slave_Transmit_DMA
                0x080046b0                HAL_I2C_Slave_Receive_DMA
                0x08004770                HAL_I2C_Mem_Write
                0x08004890                HAL_I2C_Mem_Read
                0x08004aa0                HAL_I2C_Mem_Write_IT
                0x08004b5c                HAL_I2C_Mem_Read_IT
                0x08004c28                HAL_I2C_Mem_Write_DMA
                0x08004d7c                HAL_I2C_Mem_Read_DMA
                0x08004f08                HAL_I2C_IsDeviceReady
                0x08005068                HAL_I2C_Master_Seq_Transmit_IT
                0x08005138                HAL_I2C_Master_Seq_Transmit_DMA
                0x080052b0                HAL_I2C_Master_Seq_Receive_IT
                0x080053bc                HAL_I2C_Master_Seq_Receive_DMA
                0x08005588                HAL_I2C_Slave_Seq_Transmit_IT
                0x080055fe                HAL_I2C_Slave_Seq_Transmit_DMA
                0x0800573c                HAL_I2C_Slave_Seq_Receive_IT
                0x080057b2                HAL_I2C_Slave_Seq_Receive_DMA
                0x080058f0                HAL_I2C_EnableListen_IT
                0x08005926                HAL_I2C_DisableListen_IT
                0x08005964                HAL_I2C_MasterTxCpltCallback
                0x08005966                HAL_I2C_MasterRxCpltCallback
                0x08005968                HAL_I2C_SlaveTxCpltCallback
                0x0800596a                HAL_I2C_SlaveRxCpltCallback
                0x0800596c                HAL_I2C_AddrCallback
                0x0800596e                HAL_I2C_ListenCpltCallback
                0x08005970                HAL_I2C_MemTxCpltCallback
                0x08005972                HAL_I2C_MemRxCpltCallback
                0x08005974                HAL_I2C_ErrorCallback
                0x08005ac2                HAL_I2C_AbortCpltCallback
                0x08005c94                HAL_I2C_Master_Abort_IT
                0x08005ce0                HAL_I2C_EV_IRQHandler
                0x08006508                HAL_I2C_ER_IRQHandler
                0x08006638                HAL_I2C_GetState
                0x0800663e                HAL_I2C_GetMode
                0x08006644                HAL_I2C_GetError
 .text          0x08006648       0x7c build/stm32f4_HAL/stm32f4xx_hal_i2c_ex.o
                0x08006648                HAL_I2CEx_ConfigAnalogFilter
                0x08006686                HAL_I2CEx_ConfigDigitalFilter
 .text          0x080066c4     0x1db4 build/stm32f4_HAL/stm32f4xx_hal_tim.o
                0x080067e0                HAL_TIM_Base_MspInit
                0x080067e2                HAL_TIM_Base_MspDeInit
                0x080067e4                HAL_TIM_Base_DeInit
                0x0800681e                HAL_TIM_Base_Start
                0x08006842                HAL_TIM_Base_Stop
                0x08006870                HAL_TIM_Base_Start_IT
                0x08006890                HAL_TIM_Base_Stop_IT
                0x080068ba                HAL_TIM_Base_Start_DMA
                0x08006924                HAL_TIM_Base_Stop_DMA
                0x08006960                HAL_TIM_OC_MspInit
                0x08006962                HAL_TIM_OC_MspDeInit
                0x08006964                HAL_TIM_OC_DeInit
                0x0800699e                HAL_TIM_PWM_MspInit
                0x080069a0                HAL_TIM_PWM_MspDeInit
                0x080069a2                HAL_TIM_PWM_DeInit
                0x080069dc                HAL_TIM_IC_MspInit
                0x080069de                HAL_TIM_IC_MspDeInit
                0x080069e0                HAL_TIM_IC_DeInit
                0x08006a1a                HAL_TIM_OnePulse_MspInit
                0x08006a1c                HAL_TIM_OnePulse_MspDeInit
                0x08006a1e                HAL_TIM_OnePulse_DeInit
                0x08006a58                HAL_TIM_OnePulse_Start
                0x08006a98                HAL_TIM_OnePulse_Stop
                0x08006b00                HAL_TIM_OnePulse_Start_IT
                0x08006b50                HAL_TIM_OnePulse_Stop_IT
                0x08006bc8                HAL_TIM_Encoder_MspInit
                0x08006bca                HAL_TIM_Encoder_MspDeInit
                0x08006bcc                HAL_TIM_Encoder_DeInit
                0x08006c06                HAL_TIM_Encoder_Start
                0x08006c4a                HAL_TIM_Encoder_Stop
                0x08006c92                HAL_TIM_Encoder_Start_IT
                0x08006d00                HAL_TIM_Encoder_Stop_IT
                0x08006d74                HAL_TIM_Encoder_Start_DMA
                0x08006eb4                HAL_TIM_Encoder_Stop_DMA
                0x08006f46                HAL_TIM_DMABurst_WriteStart
                0x08007024                HAL_TIM_DMABurst_WriteStop
                0x08007088                HAL_TIM_DMABurst_ReadStart
                0x0800716c                HAL_TIM_DMABurst_ReadStop
                0x08007170                HAL_TIM_GenerateEvent
                0x08007194                HAL_TIM_ConfigTI1Input
                0x080071a4                HAL_TIM_ReadCapturedValue
                0x080071d0                HAL_TIM_PeriodElapsedCallback
                0x080071e2                HAL_TIM_PeriodElapsedHalfCpltCallback
                0x080071f4                HAL_TIM_OC_DelayElapsedCallback
                0x080071f6                HAL_TIM_IC_CaptureCallback
                0x080071f8                TIM_DMACaptureCplt
                0x08007234                HAL_TIM_IC_CaptureHalfCpltCallback
                0x08007236                TIM_DMACaptureHalfCplt
                0x08007272                HAL_TIM_PWM_PulseFinishedCallback
                0x08007274                TIM_DMADelayPulseCplt
                0x080072b0                HAL_TIM_PWM_PulseFinishedHalfCpltCallback
                0x080072b2                TIM_DMADelayPulseHalfCplt
                0x080072ee                HAL_TIM_TriggerCallback
                0x080072f0                HAL_TIM_IRQHandler
                0x08007444                HAL_TIM_TriggerHalfCpltCallback
                0x08007456                HAL_TIM_ErrorCallback
                0x08007458                TIM_DMAError
                0x08007468                HAL_TIM_Base_GetState
                0x0800746e                HAL_TIM_OC_GetState
                0x08007474                HAL_TIM_PWM_GetState
                0x0800747a                HAL_TIM_IC_GetState
                0x08007480                HAL_TIM_OnePulse_GetState
                0x08007486                HAL_TIM_Encoder_GetState
                0x0800748c                TIM_Base_SetConfig
                0x08007558                HAL_TIM_Base_Init
                0x0800758c                HAL_TIM_OC_Init
                0x080075c0                HAL_TIM_PWM_Init
                0x080075f4                HAL_TIM_IC_Init
                0x08007628                HAL_TIM_OnePulse_Init
                0x0800766e                HAL_TIM_Encoder_Init
                0x08007702                TIM_OC2_SetConfig
                0x08007770                HAL_TIM_OC_ConfigChannel
                0x080077c2                HAL_TIM_PWM_ConfigChannel
                0x0800787a                TIM_TI1_SetConfig
                0x080078f0                HAL_TIM_IC_ConfigChannel
                0x080079fa                HAL_TIM_OnePulse_ConfigChannel
                0x08007b00                TIM_ETR_SetConfig
                0x08007b14                HAL_TIM_ConfigOCrefClear
                0x08007bdc                HAL_TIM_ConfigClockSource
                0x08007da4                HAL_TIM_SlaveConfigSynchro_IT
                0x08007df2                HAL_TIM_SlaveConfigSynchro
                0x08007e40                TIM_CCxChannelCmd
                0x08007e5c                HAL_TIM_OC_Start
                0x08007e98                HAL_TIM_PWM_Start
                0x08007e9c                HAL_TIM_OC_Stop
                0x08007ef4                HAL_TIM_OC_Start_IT
                0x08007f60                HAL_TIM_PWM_Start_IT
                0x08007f64                HAL_TIM_OC_Stop_IT
                0x08007ff0                HAL_TIM_PWM_Stop_IT
                0x08007ff4                HAL_TIM_OC_Start_DMA
                0x08008100                HAL_TIM_PWM_Start_DMA
                0x08008104                HAL_TIM_OC_Stop_DMA
                0x080081b0                HAL_TIM_PWM_Stop_DMA
                0x080081b4                HAL_TIM_PWM_Stop
                0x08008214                HAL_TIM_IC_Start
                0x08008234                HAL_TIM_IC_Stop
                0x0800825e                HAL_TIM_IC_Start_IT
                0x080082b0                HAL_TIM_IC_Stop_IT
                0x0800830c                HAL_TIM_IC_Start_DMA
                0x080083fc                HAL_TIM_IC_Stop_DMA
 .text          0x08008478      0x7f4 build/stm32f4_HAL/stm32f4xx_hal_tim_ex.o
                0x08008494                HAL_TIMEx_HallSensor_MspInit
                0x08008496                HAL_TIMEx_HallSensor_Init
                0x08008544                HAL_TIMEx_HallSensor_MspDeInit
                0x08008546                HAL_TIMEx_HallSensor_DeInit
                0x08008580                HAL_TIMEx_HallSensor_Start
                0x080085a6                HAL_TIMEx_HallSensor_Stop
                0x080085d6                HAL_TIMEx_HallSensor_Start_IT
                0x08008604                HAL_TIMEx_HallSensor_Stop_IT
                0x0800863c                HAL_TIMEx_HallSensor_Start_DMA
                0x080086b8                HAL_TIMEx_HallSensor_Stop_DMA
                0x080086f8                HAL_TIMEx_OCN_Start
                0x08008720                HAL_TIMEx_OCN_Stop
                0x08008766                HAL_TIMEx_OCN_Start_IT
                0x080087b8                HAL_TIMEx_OCN_Stop_IT
                0x08008832                HAL_TIMEx_OCN_Start_DMA
                0x08008900                HAL_TIMEx_OCN_Stop_DMA
                0x08008984                HAL_TIMEx_PWMN_Start
                0x08008988                HAL_TIMEx_PWMN_Stop
                0x0800898c                HAL_TIMEx_PWMN_Start_IT
                0x08008990                HAL_TIMEx_PWMN_Stop_IT
                0x08008994                HAL_TIMEx_PWMN_Start_DMA
                0x08008998                HAL_TIMEx_PWMN_Stop_DMA
                0x0800899c                HAL_TIMEx_OnePulseN_Start
                0x080089b2                HAL_TIMEx_OnePulseN_Stop
                0x080089b6                HAL_TIMEx_OnePulseN_Start_IT
                0x080089dc                HAL_TIMEx_OnePulseN_Stop_IT
                0x08008a32                HAL_TIMEx_ConfigCommutEvent
                0x08008a8c                HAL_TIMEx_ConfigCommutEvent_IT
                0x08008ae6                HAL_TIMEx_ConfigCommutEvent_DMA
                0x08008b5c                HAL_TIMEx_MasterConfigSynchronization
                0x08008bd8                HAL_TIMEx_ConfigBreakDeadTime
                0x08008c24                HAL_TIMEx_RemapConfig
                0x08008c3e                HAL_TIMEx_CommutCallback
                0x08008c40                TIMEx_DMACommutationCplt
                0x08008c50                HAL_TIMEx_CommutHalfCpltCallback
                0x08008c52                TIMEx_DMACommutationHalfCplt
                0x08008c62                HAL_TIMEx_BreakCallback
                0x08008c64                HAL_TIMEx_HallSensor_GetState
 .text          0x08008c6c        0x0 build/stm32f4_HAL/stm32f4xx_hal_rtc.o
 .text          0x08008c6c      0x6b8 build/stm32f4_HAL/stm32f4xx_hal_rcc.o
                0x08008fbc                HAL_RCC_MCOConfig
                0x08009054                HAL_RCC_EnableCSS
                0x08009060                HAL_RCC_DisableCSS
                0x080090c8                HAL_RCC_ClockConfig
                0x080091fc                HAL_RCC_GetHCLKFreq
                0x08009208                HAL_RCC_GetPCLK1Freq
                0x08009228                HAL_RCC_GetPCLK2Freq
                0x080092cc                HAL_RCC_GetClockConfig
                0x08009308                HAL_RCC_CSSCallback
                0x0800930a                HAL_RCC_NMI_IRQHandler
 .text          0x08009324      0xdc4 build/stm32f4_HAL/stm32f4xx_hal_rcc_ex.o
                0x08009324                HAL_RCCEx_PeriphCLKConfig
                0x08009738                HAL_RCCEx_GetPeriphCLKConfig
                0x08009834                HAL_RCCEx_GetPeriphCLKFreq
                0x080099dc                HAL_RCCEx_SelectLSEMode
                0x080099f4                HAL_RCCEx_EnablePLLI2S
                0x08009a68                HAL_RCCEx_DisablePLLI2S
                0x08009a9c                HAL_RCCEx_EnablePLLSAI
                0x08009b0c                HAL_RCCEx_DisablePLLSAI
                0x08009b40                HAL_RCC_GetSysClockFreq
                0x08009bd0                HAL_RCC_DeInit
                0x08009d24                HAL_RCC_OscConfig
                0x0800a05c                HAL_RCC_GetOscConfig
 .text          0x0800a0e8      0x1ac build/stm32f4_HAL/stm32f4xx_hal_pwr.o
                0x0800a0e8                HAL_PWR_DeInit
                0x0800a100                HAL_PWR_EnableBkUpAccess
                0x0800a10c                HAL_PWR_DisableBkUpAccess
                0x0800a118                HAL_PWR_ConfigPVD
                0x0800a188                HAL_PWR_EnablePVD
                0x0800a194                HAL_PWR_DisablePVD
                0x0800a1a0                HAL_PWR_EnableWakeUpPin
                0x0800a1b0                HAL_PWR_DisableWakeUpPin
                0x0800a1c0                HAL_PWR_EnterSLEEPMode
                0x0800a1e0                HAL_PWR_EnterSTOPMode
                0x0800a218                HAL_PWR_EnterSTANDBYMode
                0x0800a238                HAL_PWR_PVDCallback
                0x0800a23a                HAL_PWR_PVD_IRQHandler
                0x0800a254                HAL_PWR_EnableSleepOnExit
                0x0800a264                HAL_PWR_DisableSleepOnExit
                0x0800a274                HAL_PWR_EnableSEVOnPend
                0x0800a284                HAL_PWR_DisableSEVOnPend
 .text          0x0800a294      0x294 build/stm32f4_HAL/stm32f4xx_hal_pwr_ex.o
                0x0800a294                HAL_PWREx_EnableBkUpReg
                0x0800a2c8                HAL_PWREx_DisableBkUpReg
                0x0800a300                HAL_PWREx_EnableFlashPowerDown
                0x0800a30c                HAL_PWREx_DisableFlashPowerDown
                0x0800a318                HAL_PWREx_GetVoltageRange
                0x0800a328                HAL_PWREx_ControlVoltageScaling
                0x0800a3d8                HAL_PWREx_EnableOverDrive
                0x0800a44c                HAL_PWREx_DisableOverDrive
                0x0800a4c0                HAL_PWREx_EnterUnderDriveSTOPMode
 .text          0x0800a528      0x2b0 build/stm32f4_HAL/stm32f4xx_hal_cortex.o
                0x0800a528                HAL_NVIC_SetPriorityGrouping
                0x0800a54c                HAL_NVIC_SetPriority
                0x0800a5b0                HAL_NVIC_EnableIRQ
                0x0800a5cc                HAL_NVIC_DisableIRQ
                0x0800a5f0                HAL_NVIC_SystemReset
                0x0800a614                HAL_SYSTICK_Config
                0x0800a63c                HAL_MPU_Disable
                0x0800a658                HAL_MPU_Enable
                0x0800a678                HAL_MPU_ConfigRegion
                0x0800a6d0                HAL_NVIC_GetPriorityGrouping
                0x0800a6e0                HAL_NVIC_GetPriority
                0x0800a738                HAL_NVIC_SetPendingIRQ
                0x0800a754                HAL_NVIC_GetPendingIRQ
                0x0800a778                HAL_NVIC_ClearPendingIRQ
                0x0800a794                HAL_NVIC_GetActive
                0x0800a7b8                HAL_SYSTICK_CLKSourceConfig
                0x0800a7ce                HAL_SYSTICK_Callback
                0x0800a7d0                HAL_SYSTICK_IRQHandler
 .text          0x0800a7d8     0x1814 build/stm32f4_HAL/stm32f4xx_hal_spi.o
                0x0800a97c                HAL_SPI_MspInit
                0x0800a97e                HAL_SPI_Init
                0x0800aa02                HAL_SPI_MspDeInit
                0x0800aa04                HAL_SPI_DeInit
                0x0800aa30                HAL_SPI_Transmit
                0x0800abaa                HAL_SPI_TransmitReceive
                0x0800ae2e                HAL_SPI_Receive
                0x0800afec                HAL_SPI_Transmit_IT
                0x0800b090                HAL_SPI_TransmitReceive_IT
                0x0800b15c                HAL_SPI_Receive_IT
                0x0800b224                HAL_SPI_Transmit_DMA
                0x0800b2fc                HAL_SPI_TransmitReceive_DMA
                0x0800b420                HAL_SPI_Receive_DMA
                0x0800b51c                HAL_SPI_Abort
                0x0800b644                HAL_SPI_DMAPause
                0x0800b664                HAL_SPI_DMAResume
                0x0800b684                HAL_SPI_DMAStop
                0x0800b6ca                HAL_SPI_TxCpltCallback
                0x0800b6cc                HAL_SPI_RxCpltCallback
                0x0800b6ce                HAL_SPI_TxRxCpltCallback
                0x0800b6d0                HAL_SPI_TxHalfCpltCallback
                0x0800b6dc                HAL_SPI_RxHalfCpltCallback
                0x0800b6e8                HAL_SPI_TxRxHalfCpltCallback
                0x0800b6f4                HAL_SPI_ErrorCallback
                0x0800bcb6                HAL_SPI_IRQHandler
                0x0800bdc0                HAL_SPI_AbortCpltCallback
                0x0800bdc2                HAL_SPI_Abort_IT
                0x0800bfe0                HAL_SPI_GetState
                0x0800bfe6                HAL_SPI_GetError
 .text          0x0800bfec        0x0 build/stm32f4_HAL/stm32f4xx_hal_dac.o
 .text          0x0800bfec        0x0 build/stm32f4_HAL/stm32f4xx_hal_dac_ex.o
 .text          0x0800bfec        0x0 build/stm32f4_HAL/stm32f4xx_hal_can.o
 .text          0x0800bfec        0x0 build/FreeRTOS/croutine.o
 .text          0x0800bfec      0x264 build/FreeRTOS/event_groups.o
                0x0800bfec                xEventGroupCreateStatic
                0x0800c004                xEventGroupCreate
                0x0800c020                xEventGroupWaitBits
                0x0800c0d6                xEventGroupClearBits
                0x0800c0f0                vEventGroupClearBitsCallback
                0x0800c0f4                xEventGroupClearBitsFromISR
                0x0800c104                xEventGroupGetBitsFromISR
                0x0800c120                xEventGroupSetBits
                0x0800c17c                xEventGroupSync
                0x0800c206                vEventGroupSetBitsCallback
                0x0800c20a                vEventGroupDelete
                0x0800c234                xEventGroupSetBitsFromISR
                0x0800c244                uxEventGroupGetNumber
                0x0800c24a                vEventGroupSetNumber
 .text          0x0800c250       0x82 build/FreeRTOS/list.o
                0x0800c250                vListInitialise
                0x0800c266                vListInitialiseItem
                0x0800c26c                vListInsertEnd
                0x0800c284                vListInsert
                0x0800c2b2                uxListRemove
 .text          0x0800c2d2      0x8f2 build/FreeRTOS/queue.o
                0x0800c3ee                xQueueGenericReset
                0x0800c458                xQueueGenericCreateStatic
                0x0800c484                xQueueGenericCreate
                0x0800c4be                xQueueGetMutexHolder
                0x0800c4d8                xQueueGetMutexHolderFromISR
                0x0800c4e4                xQueueCreateCountingSemaphoreStatic
                0x0800c4fe                xQueueCreateCountingSemaphore
                0x0800c510                xQueueGenericSend
                0x0800c614                xQueueCreateMutexStatic
                0x0800c63e                xQueueGiveMutexRecursive
                0x0800c666                xQueueCreateMutex
                0x0800c68a                xQueueGenericSendFromISR
                0x0800c6f4                xQueueGiveFromISR
                0x0800c750                xQueueReceive
                0x0800c83e                xQueueSemaphoreTake
                0x0800c964                xQueueTakeMutexRecursive
                0x0800c994                xQueuePeek
                0x0800ca82                xQueueReceiveFromISR
                0x0800caea                xQueuePeekFromISR
                0x0800cb1a                uxQueueMessagesWaiting
                0x0800cb30                uxQueueSpacesAvailable
                0x0800cb4a                uxQueueMessagesWaitingFromISR
                0x0800cb4e                vQueueDelete
                0x0800cb5a                uxQueueGetQueueNumber
                0x0800cb5e                vQueueSetQueueNumber
                0x0800cb62                ucQueueGetQueueType
                0x0800cb68                xQueueIsQueueEmptyFromISR
                0x0800cb72                xQueueIsQueueFullFromISR
                0x0800cb7e                vQueueWaitForMessageRestricted
 .text          0x0800cbc4     0x12c0 build/FreeRTOS/tasks.o
                0x0800ce84                xTaskCreateStatic
                0x0800ceb8                xTaskCreate
                0x0800cf14                vTaskDelete
                0x0800cf98                eTaskGetState
                0x0800d000                uxTaskPriorityGet
                0x0800d020                uxTaskPriorityGetFromISR
                0x0800d048                vTaskPrioritySet
                0x0800d0f8                vTaskResume
                0x0800d17c                xTaskResumeFromISR
                0x0800d204                vTaskStartScheduler
                0x0800d280                vTaskEndScheduler
                0x0800d2a0                vTaskSuspendAll
                0x0800d2b4                xTaskGetTickCount
                0x0800d2c0                xTaskGetTickCountFromISR
                0x0800d2cc                uxTaskGetNumberOfTasks
                0x0800d2d8                pcTaskGetName
                0x0800d2e8                xTaskIncrementTick
                0x0800d3c8                xTaskResumeAll
                0x0800d48c                vTaskDelayUntil
                0x0800d4dc                vTaskDelay
                0x0800d50a                xTaskCatchUpTicks
                0x0800d528                vTaskSwitchContext
                0x0800d58c                vTaskSuspend
                0x0800d61c                vTaskPlaceOnEventList
                0x0800d63c                vTaskPlaceOnUnorderedEventList
                0x0800d664                vTaskPlaceOnEventListRestricted
                0x0800d68c                xTaskRemoveFromEventList
                0x0800d6f4                vTaskRemoveFromUnorderedEventList
                0x0800d748                vTaskSetTimeOutState
                0x0800d76c                vTaskInternalSetTimeOutState
                0x0800d780                xTaskCheckForTimeOut
                0x0800d7d0                vTaskMissedYield
                0x0800d7e0                uxTaskGetTaskNumber
                0x0800d7e6                vTaskSetTaskNumber
                0x0800d7ec                vTaskGetInfo
                0x0800d8c2                uxTaskGetSystemState
                0x0800d95c                uxTaskGetStackHighWaterMark
                0x0800d97c                xTaskGetCurrentTaskHandle
                0x0800d988                xTaskGetSchedulerState
                0x0800d9a8                xTaskPriorityInherit
                0x0800da28                xTaskPriorityDisinherit
                0x0800da84                vTaskPriorityDisinheritAfterTimeout
                0x0800daf4                uxTaskResetEventItemValue
                0x0800db0c                pvTaskIncrementMutexHeldCount
                0x0800db24                ulTaskNotifyTake
                0x0800db90                xTaskNotifyWait
                0x0800dc24                xTaskGenericNotify
                0x0800dcd4                xTaskGenericNotifyFromISR
                0x0800dd94                vTaskNotifyGiveFromISR
                0x0800de24                xTaskNotifyStateClear
                0x0800de50                ulTaskNotifyValueClear
 .text          0x0800de84      0x4a8 build/FreeRTOS/timers.o
                0x0800df00                xTimerCreateTimerTask
                0x0800df50                xTimerCreate
                0x0800df96                xTimerCreateStatic
                0x0800dfd6                xTimerGenericCommand
                0x0800e234                xTimerGetTimerDaemonTaskHandle
                0x0800e240                xTimerGetPeriod
                0x0800e244                vTimerSetReloadMode
                0x0800e26a                uxTimerGetReloadMode
                0x0800e286                xTimerGetExpiryTime
                0x0800e28a                pcTimerGetName
                0x0800e28e                xTimerIsTimerActive
                0x0800e2aa                pvTimerGetTimerID
                0x0800e2c0                vTimerSetTimerID
                0x0800e2d4                xTimerPendFunctionCallFromISR
                0x0800e2fc                xTimerPendFunctionCall
                0x0800e324                uxTimerGetTimerNumber
                0x0800e328                vTimerSetTimerNumber
 .text          0x0800e32c      0x52a build/FreeRTOS/stream_buffer.o
                0x0800e3cc                xStreamBufferGenericCreate
                0x0800e408                xStreamBufferGenericCreateStatic
                0x0800e448                vStreamBufferDelete
                0x0800e45a                xStreamBufferReset
                0x0800e4a0                xStreamBufferSetTriggerLevel
                0x0800e4b4                xStreamBufferSpacesAvailable
                0x0800e4c8                xStreamBufferBytesAvailable
                0x0800e4ca                xStreamBufferSend
                0x0800e5a8                xStreamBufferSendFromISR
                0x0800e640                xStreamBufferReceive
                0x0800e6f4                xStreamBufferNextMessageLengthBytes
                0x0800e722                xStreamBufferReceiveFromISR
                0x0800e7b2                xStreamBufferIsEmpty
                0x0800e7be                xStreamBufferIsFull
                0x0800e7d6                xStreamBufferSendCompletedFromISR
                0x0800e80e                xStreamBufferReceiveCompletedFromISR
                0x0800e846                uxStreamBufferGetStreamBufferNumber
                0x0800e84a                vStreamBufferSetStreamBufferNumber
                0x0800e84e                ucStreamBufferGetStreamBufferType
 *fill*         0x0800e856        0x2 
 .text          0x0800e858     0x1140 build/FreeRTOS/cmsis_os2.o
                0x0800e896                SysTick_Handler
                0x0800e8b0                osKernelInitialize
                0x0800e8dc                osKernelGetInfo
                0x0800e908                osKernelGetState
                0x0800e928                osKernelStart
                0x0800e968                osKernelLock
                0x0800e994                osKernelUnlock
                0x0800e9cc                osKernelRestoreLock
                0x0800ea10                osKernelGetTickCount
                0x0800ea28                osKernelGetTickFreq
                0x0800ea2e                osKernelGetSysTimerCount
                0x0800ea6e                osKernelGetSysTimerFreq
                0x0800ea78                osThreadNew
                0x0800eb0c                osThreadGetName
                0x0800eb26                osThreadGetId
                0x0800eb2a                osThreadGetState
                0x0800eb54                osThreadGetStackSpace
                0x0800eb6e                osThreadSetPriority
                0x0800eb9c                osThreadGetPriority
                0x0800ebb8                osThreadYield
                0x0800ebdc                osThreadSuspend
                0x0800ec00                osThreadResume
                0x0800ec24                osThreadExit
                0x0800ec2e                osThreadTerminate
                0x0800ec62                osThreadGetCount
                0x0800ec76                osThreadEnumerate
                0x0800ece0                osThreadFlagsSet
                0x0800ed5e                osThreadFlagsClear
                0x0800edae                osThreadFlagsGet
                0x0800eddc                osThreadFlagsWait
                0x0800ee76                osDelay
                0x0800ee94                osDelayUntil
                0x0800eec4                osTimerNew
                0x0800ef3c                osTimerGetName
                0x0800ef56                osTimerStart
                0x0800ef8c                osTimerStop
                0x0800efce                osTimerIsRunning
                0x0800efe8                osTimerDelete
                0x0800f02e                osEventFlagsNew
                0x0800f05a                osEventFlagsSet
                0x0800f0b4                osEventFlagsClear
                0x0800f0fa                osEventFlagsGet
                0x0800f11c                osEventFlagsWait
                0x0800f180                osEventFlagsDelete
                0x0800f1a4                osMutexNew
                0x0800f1fc                osMutexAcquire
                0x0800f242                osMutexRelease
                0x0800f282                osMutexGetOwner
                0x0800f29e                osMutexDelete
                0x0800f2c4                osSemaphoreNew
                0x0800f352                osSemaphoreAcquire
                0x0800f3b4                osSemaphoreRelease
                0x0800f40c                osSemaphoreGetCount
                0x0800f42e                osSemaphoreDelete
                0x0800f452                osMessageQueueNew
                0x0800f4b6                osMessageQueuePut
                0x0800f524                osMessageQueueGet
                0x0800f58e                osMessageQueueGetCapacity
                0x0800f594                osMessageQueueGetMsgSize
                0x0800f59a                osMessageQueueGetCount
                0x0800f59e                osMessageQueueGetSpace
                0x0800f5d4                osMessageQueueReset
                0x0800f5fa                osMessageQueueDelete
                0x0800f5fe                osMemoryPoolNew
                0x0800f6ec                osMemoryPoolGetName
                0x0800f702                osMemoryPoolAlloc
                0x0800f7b8                osMemoryPoolFree
                0x0800f874                osMemoryPoolGetCapacity
                0x0800f88c                osMemoryPoolGetBlockSize
                0x0800f8a4                osMemoryPoolGetCount
                0x0800f8d4                osMemoryPoolGetSpace
                0x0800f904                osMemoryPoolDelete
                0x0800f960                vApplicationGetIdleTaskMemory
                0x0800f97c                vApplicationGetTimerTaskMemory
 .text          0x0800f998        0x2 build/FreeRTOS/clib_arm.o
                0x0800f998                software_init_hook
 *fill*         0x0800f99a        0x2 
 .text          0x0800f99c       0xd0 build/FreeRTOS/os_systick.o
                0x0800f99c                OS_Tick_Setup
                0x0800f9dc                OS_Tick_Enable
                0x0800fa04                OS_Tick_Disable
                0x0800fa30                OS_Tick_AcknowledgeIRQ
                0x0800fa38                OS_Tick_GetIRQn
                0x0800fa3e                OS_Tick_GetClock
                0x0800fa48                OS_Tick_GetInterval
                0x0800fa52                OS_Tick_GetCount
                0x0800fa5e                OS_Tick_GetOverflow
 .text          0x0800fa6c       0x8c build/FreeRTOS/heap_useNewlib.o
                0x0800fa6c                sbrk
                0x0800fabc                _sbrk
                0x0800fac0                __malloc_lock
                0x0800fac4                __malloc_unlock
                0x0800fac8                __env_lock
                0x0800facc                __env_unlock
                0x0800fad0                pvPortMalloc
                0x0800fad4                vPortFree
                0x0800fad8                xPortGetFreeHeapSize
                0x0800faf4                vPortInitialiseBlocks
 *fill*         0x0800faf8        0x8 
 .text          0x0800fb00      0x1ec build/FreeRTOS/port.o
                0x0800fb50                pxPortInitialiseStack
                0x0800fb7c                SVC_Handler
                0x0800fba4                vPortEndScheduler
                0x0800fba6                vPortEnterCritical
                0x0800fbc4                vPortExitCritical
                0x0800fbd8                PendSV_Handler
                0x0800fc44                xPortSysTickHandler
                0x0800fc74                vPortSetupTimerInterrupt
                0x0800fc98                xPortStartScheduler
 .text          0x0800fcec       0xa0 c:/users/luke/desktop/mcha toolchain windows/toolchain/gcc-arm-none-eabi/bin/../lib/gcc/arm-none-eabi/11.2.1/thumb/v7e-m+fp/hard\libgcc.a(_aeabi_ldivmod.o)
                0x0800fcec                __aeabi_ldivmod
 .text          0x0800fd8c       0x30 c:/users/luke/desktop/mcha toolchain windows/toolchain/gcc-arm-none-eabi/bin/../lib/gcc/arm-none-eabi/11.2.1/thumb/v7e-m+fp/hard\libgcc.a(_aeabi_uldivmod.o)
                0x0800fd8c                __aeabi_uldivmod
 .text          0x0800fdbc        0x0 c:/users/luke/desktop/mcha toolchain windows/toolchain/gcc-arm-none-eabi/bin/../lib/gcc/arm-none-eabi/11.2.1/thumb/v7e-m+fp/hard\libgcc.a(_udivmoddi4.o)
 .text          0x0800fdbc        0x4 c:/users/luke/desktop/mcha toolchain windows/toolchain/gcc-arm-none-eabi/bin/../lib/gcc/arm-none-eabi/11.2.1/thumb/v7e-m+fp/hard\libgcc.a(_dvmd_tls.o)
                0x0800fdbc                __aeabi_idiv0
                0x0800fdbc                __aeabi_ldiv0
 .text          0x0800fdc0        0x0 c:/users/luke/desktop/mcha toolchain windows/toolchain/gcc-arm-none-eabi/bin/../lib/gcc/arm-none-eabi/11.2.1/thumb/v7e-m+fp/hard\libc_nano.a(lib_a-ctype_.o)
 .text          0x0800fdc0        0x0 c:/users/luke/desktop/mcha toolchain windows/toolchain/gcc-arm-none-eabi/bin/../lib/gcc/arm-none-eabi/11.2.1/thumb/v7e-m+fp/hard\libc_nano.a(lib_a-exit.o)
 .text          0x0800fdc0        0x0 c:/users/luke/desktop/mcha toolchain windows/toolchain/gcc-arm-none-eabi/bin/../lib/gcc/arm-none-eabi/11.2.1/thumb/v7e-m+fp/hard\libc_nano.a(lib_a-getchar.o)
 .text          0x0800fdc0        0x0 c:/users/luke/desktop/mcha toolchain windows/toolchain/gcc-arm-none-eabi/bin/../lib/gcc/arm-none-eabi/11.2.1/thumb/v7e-m+fp/hard\libc_nano.a(lib_a-getc.o)
 .text          0x0800fdc0        0x0 c:/users/luke/desktop/mcha toolchain windows/toolchain/gcc-arm-none-eabi/bin/../lib/gcc/arm-none-eabi/11.2.1/thumb/v7e-m+fp/hard\libc_nano.a(lib_a-impure.o)
 .text          0x0800fdc0        0x0 c:/users/luke/desktop/mcha toolchain windows/toolchain/gcc-arm-none-eabi/bin/../lib/gcc/arm-none-eabi/11.2.1/thumb/v7e-m+fp/hard\libc_nano.a(lib_a-init.o)
 .text          0x0800fdc0        0x0 c:/users/luke/desktop/mcha toolchain windows/toolchain/gcc-arm-none-eabi/bin/../lib/gcc/arm-none-eabi/11.2.1/thumb/v7e-m+fp/hard\libc_nano.a(lib_a-malloc.o)
 .text          0x0800fdc0        0x0 c:/users/luke/desktop/mcha toolchain windows/toolchain/gcc-arm-none-eabi/bin/../lib/gcc/arm-none-eabi/11.2.1/thumb/v7e-m+fp/hard\libc_nano.a(lib_a-memcpy-stub.o)
 .text          0x0800fdc0        0x0 c:/users/luke/desktop/mcha toolchain windows/toolchain/gcc-arm-none-eabi/bin/../lib/gcc/arm-none-eabi/11.2.1/thumb/v7e-m+fp/hard\libc_nano.a(lib_a-memset.o)
 .text          0x0800fdc0        0x0 c:/users/luke/desktop/mcha toolchain windows/toolchain/gcc-arm-none-eabi/bin/../lib/gcc/arm-none-eabi/11.2.1/thumb/v7e-m+fp/hard\libc_nano.a(lib_a-mstats.o)
 .text          0x0800fdc0        0x0 c:/users/luke/desktop/mcha toolchain windows/toolchain/gcc-arm-none-eabi/bin/../lib/gcc/arm-none-eabi/11.2.1/thumb/v7e-m+fp/hard\libc_nano.a(lib_a-nano-freer.o)
 .text          0x0800fdc0        0x0 c:/users/luke/desktop/mcha toolchain windows/toolchain/gcc-arm-none-eabi/bin/../lib/gcc/arm-none-eabi/11.2.1/thumb/v7e-m+fp/hard\libc_nano.a(lib_a-nano-mallinfor.o)
 .text          0x0800fdc0        0x0 c:/users/luke/desktop/mcha toolchain windows/toolchain/gcc-arm-none-eabi/bin/../lib/gcc/arm-none-eabi/11.2.1/thumb/v7e-m+fp/hard\libc_nano.a(lib_a-nano-mallocr.o)
 .text          0x0800fdc0        0x0 c:/users/luke/desktop/mcha toolchain windows/toolchain/gcc-arm-none-eabi/bin/../lib/gcc/arm-none-eabi/11.2.1/thumb/v7e-m+fp/hard\libc_nano.a(lib_a-nano-malloptr.o)
 .text          0x0800fdc0        0x0 c:/users/luke/desktop/mcha toolchain windows/toolchain/gcc-arm-none-eabi/bin/../lib/gcc/arm-none-eabi/11.2.1/thumb/v7e-m+fp/hard\libc_nano.a(lib_a-nano-mallstatsr.o)
 .text          0x0800fdc0        0x0 c:/users/luke/desktop/mcha toolchain windows/toolchain/gcc-arm-none-eabi/bin/../lib/gcc/arm-none-eabi/11.2.1/thumb/v7e-m+fp/hard\libc_nano.a(lib_a-nano-vfprintf_float.o)
 .text          0x0800fdc0        0x0 c:/users/luke/desktop/mcha toolchain windows/toolchain/gcc-arm-none-eabi/bin/../lib/gcc/arm-none-eabi/11.2.1/thumb/v7e-m+fp/hard\libc_nano.a(lib_a-nano-vfprintf_i.o)
 .text          0x0800fdc0        0x0 c:/users/luke/desktop/mcha toolchain windows/toolchain/gcc-arm-none-eabi/bin/../lib/gcc/arm-none-eabi/11.2.1/thumb/v7e-m+fp/hard\libc_nano.a(lib_a-nano-vfscanf_float.o)
 .text          0x0800fdc0        0x0 c:/users/luke/desktop/mcha toolchain windows/toolchain/gcc-arm-none-eabi/bin/../lib/gcc/arm-none-eabi/11.2.1/thumb/v7e-m+fp/hard\libc_nano.a(lib_a-printf.o)
 .text          0x0800fdc0        0x0 c:/users/luke/desktop/mcha toolchain windows/toolchain/gcc-arm-none-eabi/bin/../lib/gcc/arm-none-eabi/11.2.1/thumb/v7e-m+fp/hard\libc_nano.a(lib_a-reent.o)
 .text          0x0800fdc0        0x0 c:/users/luke/desktop/mcha toolchain windows/toolchain/gcc-arm-none-eabi/bin/../lib/gcc/arm-none-eabi/11.2.1/thumb/v7e-m+fp/hard\libc_nano.a(lib_a-rget.o)
 .text          0x0800fdc0        0x0 c:/users/luke/desktop/mcha toolchain windows/toolchain/gcc-arm-none-eabi/bin/../lib/gcc/arm-none-eabi/11.2.1/thumb/v7e-m+fp/hard\libc_nano.a(lib_a-sbrkr.o)
 .text          0x0800fdc0        0x0 c:/users/luke/desktop/mcha toolchain windows/toolchain/gcc-arm-none-eabi/bin/../lib/gcc/arm-none-eabi/11.2.1/thumb/v7e-m+fp/hard\libc_nano.a(lib_a-setvbuf.o)
 .text          0x0800fdc0        0x0 c:/users/luke/desktop/mcha toolchain windows/toolchain/gcc-arm-none-eabi/bin/../lib/gcc/arm-none-eabi/11.2.1/thumb/v7e-m+fp/hard\libc_nano.a(lib_a-sf_nan.o)
 .text          0x0800fdc0        0x0 c:/users/luke/desktop/mcha toolchain windows/toolchain/gcc-arm-none-eabi/bin/../lib/gcc/arm-none-eabi/11.2.1/thumb/v7e-m+fp/hard\libc_nano.a(lib_a-sprintf.o)
 .text          0x0800fdc0       0x14 c:/users/luke/desktop/mcha toolchain windows/toolchain/gcc-arm-none-eabi/bin/../lib/gcc/arm-none-eabi/11.2.1/thumb/v7e-m+fp/hard\libc_nano.a(lib_a-strcmp.o)
                0x0800fdc0                strcmp
 .text          0x0800fdd4       0x10 c:/users/luke/desktop/mcha toolchain windows/toolchain/gcc-arm-none-eabi/bin/../lib/gcc/arm-none-eabi/11.2.1/thumb/v7e-m+fp/hard\libc_nano.a(lib_a-strlen.o)
                0x0800fdd4                strlen
 .text          0x0800fde4        0x0 c:/users/luke/desktop/mcha toolchain windows/toolchain/gcc-arm-none-eabi/bin/../lib/gcc/arm-none-eabi/11.2.1/thumb/v7e-m+fp/hard\libc_nano.a(lib_a-strtod.o)
 .text          0x0800fde4        0x0 c:/users/luke/desktop/mcha toolchain windows/toolchain/gcc-arm-none-eabi/bin/../lib/gcc/arm-none-eabi/11.2.1/thumb/v7e-m+fp/hard\libc_nano.a(lib_a-strtol.o)
 .text          0x0800fde4        0x0 c:/users/luke/desktop/mcha toolchain windows/toolchain/gcc-arm-none-eabi/bin/../lib/gcc/arm-none-eabi/11.2.1/thumb/v7e-m+fp/hard\libc_nano.a(lib_a-vprintf.o)
 .text          0x0800fde4        0x0 c:/users/luke/desktop/mcha toolchain windows/toolchain/gcc-arm-none-eabi/bin/../lib/gcc/arm-none-eabi/11.2.1/thumb/v7e-m+fp/hard\libc_nano.a(lib_a-dtoa.o)
 .text          0x0800fde4        0x0 c:/users/luke/desktop/mcha toolchain windows/toolchain/gcc-arm-none-eabi/bin/../lib/gcc/arm-none-eabi/11.2.1/thumb/v7e-m+fp/hard\libc_nano.a(lib_a-errno.o)
 .text          0x0800fde4        0x0 c:/users/luke/desktop/mcha toolchain windows/toolchain/gcc-arm-none-eabi/bin/../lib/gcc/arm-none-eabi/11.2.1/thumb/v7e-m+fp/hard\libc_nano.a(lib_a-fflush.o)
 .text          0x0800fde4        0x0 c:/users/luke/desktop/mcha toolchain windows/toolchain/gcc-arm-none-eabi/bin/../lib/gcc/arm-none-eabi/11.2.1/thumb/v7e-m+fp/hard\libc_nano.a(lib_a-findfp.o)
 .text          0x0800fde4        0x0 c:/users/luke/desktop/mcha toolchain windows/toolchain/gcc-arm-none-eabi/bin/../lib/gcc/arm-none-eabi/11.2.1/thumb/v7e-m+fp/hard\libc_nano.a(lib_a-fprintf.o)
 .text          0x0800fde4        0x0 c:/users/luke/desktop/mcha toolchain windows/toolchain/gcc-arm-none-eabi/bin/../lib/gcc/arm-none-eabi/11.2.1/thumb/v7e-m+fp/hard\libc_nano.a(lib_a-fwalk.o)
 .text          0x0800fde4        0x0 c:/users/luke/desktop/mcha toolchain windows/toolchain/gcc-arm-none-eabi/bin/../lib/gcc/arm-none-eabi/11.2.1/thumb/v7e-m+fp/hard\libc_nano.a(lib_a-gdtoa-gethex.o)
 .text          0x0800fde4        0x0 c:/users/luke/desktop/mcha toolchain windows/toolchain/gcc-arm-none-eabi/bin/../lib/gcc/arm-none-eabi/11.2.1/thumb/v7e-m+fp/hard\libc_nano.a(lib_a-gdtoa-hexnan.o)
 .text          0x0800fde4        0x0 c:/users/luke/desktop/mcha toolchain windows/toolchain/gcc-arm-none-eabi/bin/../lib/gcc/arm-none-eabi/11.2.1/thumb/v7e-m+fp/hard\libc_nano.a(lib_a-lnumeric.o)
 .text          0x0800fde4        0x0 c:/users/luke/desktop/mcha toolchain windows/toolchain/gcc-arm-none-eabi/bin/../lib/gcc/arm-none-eabi/11.2.1/thumb/v7e-m+fp/hard\libc_nano.a(lib_a-localeconv.o)
 .text          0x0800fde4        0x0 c:/users/luke/desktop/mcha toolchain windows/toolchain/gcc-arm-none-eabi/bin/../lib/gcc/arm-none-eabi/11.2.1/thumb/v7e-m+fp/hard\libc_nano.a(lib_a-locale.o)
 .text          0x0800fde4        0x0 c:/users/luke/desktop/mcha toolchain windows/toolchain/gcc-arm-none-eabi/bin/../lib/gcc/arm-none-eabi/11.2.1/thumb/v7e-m+fp/hard\libc_nano.a(lib_a-makebuf.o)
 .text          0x0800fde4        0x0 c:/users/luke/desktop/mcha toolchain windows/toolchain/gcc-arm-none-eabi/bin/../lib/gcc/arm-none-eabi/11.2.1/thumb/v7e-m+fp/hard\libc_nano.a(lib_a-mbtowc_r.o)
 *fill*         0x0800fde4        0xc 
 .text          0x0800fdf0       0xa0 c:/users/luke/desktop/mcha toolchain windows/toolchain/gcc-arm-none-eabi/bin/../lib/gcc/arm-none-eabi/11.2.1/thumb/v7e-m+fp/hard\libc_nano.a(lib_a-memchr.o)
                0x0800fdf0                memchr
 .text          0x0800fe90        0x0 c:/users/luke/desktop/mcha toolchain windows/toolchain/gcc-arm-none-eabi/bin/../lib/gcc/arm-none-eabi/11.2.1/thumb/v7e-m+fp/hard\libc_nano.a(lib_a-mprec.o)
 .text          0x0800fe90        0x0 c:/users/luke/desktop/mcha toolchain windows/toolchain/gcc-arm-none-eabi/bin/../lib/gcc/arm-none-eabi/11.2.1/thumb/v7e-m+fp/hard\libc_nano.a(lib_a-nano-callocr.o)
 .text          0x0800fe90        0x0 c:/users/luke/desktop/mcha toolchain windows/toolchain/gcc-arm-none-eabi/bin/../lib/gcc/arm-none-eabi/11.2.1/thumb/v7e-m+fp/hard\libc_nano.a(lib_a-nano-svfprintf.o)
 .text          0x0800fe90        0x0 c:/users/luke/desktop/mcha toolchain windows/toolchain/gcc-arm-none-eabi/bin/../lib/gcc/arm-none-eabi/11.2.1/thumb/v7e-m+fp/hard\libc_nano.a(lib_a-nano-vfprintf.o)
 .text          0x0800fe90        0x0 c:/users/luke/desktop/mcha toolchain windows/toolchain/gcc-arm-none-eabi/bin/../lib/gcc/arm-none-eabi/11.2.1/thumb/v7e-m+fp/hard\libc_nano.a(lib_a-refill.o)
 .text          0x0800fe90        0x0 c:/users/luke/desktop/mcha toolchain windows/toolchain/gcc-arm-none-eabi/bin/../lib/gcc/arm-none-eabi/11.2.1/thumb/v7e-m+fp/hard\libc_nano.a(lib_a-s_nan.o)
 .text          0x0800fe90        0x0 c:/users/luke/desktop/mcha toolchain windows/toolchain/gcc-arm-none-eabi/bin/../lib/gcc/arm-none-eabi/11.2.1/thumb/v7e-m+fp/hard\libc_nano.a(lib_a-stdio.o)
 .text          0x0800fe90        0x0 c:/users/luke/desktop/mcha toolchain windows/toolchain/gcc-arm-none-eabi/bin/../lib/gcc/arm-none-eabi/11.2.1/thumb/v7e-m+fp/hard\libc_nano.a(lib_a-strncmp.o)
 .text          0x0800fe90        0x0 c:/users/luke/desktop/mcha toolchain windows/toolchain/gcc-arm-none-eabi/bin/../lib/gcc/arm-none-eabi/11.2.1/thumb/v7e-m+fp/hard\libc_nano.a(lib_a-wbuf.o)
 .text          0x0800fe90        0x0 c:/users/luke/desktop/mcha toolchain windows/toolchain/gcc-arm-none-eabi/bin/../lib/gcc/arm-none-eabi/11.2.1/thumb/v7e-m+fp/hard\libc_nano.a(lib_a-wctomb_r.o)
 .text          0x0800fe90        0x0 c:/users/luke/desktop/mcha toolchain windows/toolchain/gcc-arm-none-eabi/bin/../lib/gcc/arm-none-eabi/11.2.1/thumb/v7e-m+fp/hard\libc_nano.a(lib_a-writer.o)
 .text          0x0800fe90        0x0 c:/users/luke/desktop/mcha toolchain windows/toolchain/gcc-arm-none-eabi/bin/../lib/gcc/arm-none-eabi/11.2.1/thumb/v7e-m+fp/hard\libc_nano.a(lib_a-wsetup.o)
 .text          0x0800fe90        0x0 c:/users/luke/desktop/mcha toolchain windows/toolchain/gcc-arm-none-eabi/bin/../lib/gcc/arm-none-eabi/11.2.1/thumb/v7e-m+fp/hard\libc_nano.a(lib_a-assert.o)
 .text          0x0800fe90        0x0 c:/users/luke/desktop/mcha toolchain windows/toolchain/gcc-arm-none-eabi/bin/../lib/gcc/arm-none-eabi/11.2.1/thumb/v7e-m+fp/hard\libc_nano.a(lib_a-closer.o)
 .text          0x0800fe90        0x0 c:/users/luke/desktop/mcha toolchain windows/toolchain/gcc-arm-none-eabi/bin/../lib/gcc/arm-none-eabi/11.2.1/thumb/v7e-m+fp/hard\libc_nano.a(lib_a-fstatr.o)
 .text          0x0800fe90        0x0 c:/users/luke/desktop/mcha toolchain windows/toolchain/gcc-arm-none-eabi/bin/../lib/gcc/arm-none-eabi/11.2.1/thumb/v7e-m+fp/hard\libc_nano.a(lib_a-fvwrite.o)
 .text          0x0800fe90        0x0 c:/users/luke/desktop/mcha toolchain windows/toolchain/gcc-arm-none-eabi/bin/../lib/gcc/arm-none-eabi/11.2.1/thumb/v7e-m+fp/hard\libc_nano.a(lib_a-isattyr.o)
 .text          0x0800fe90        0x0 c:/users/luke/desktop/mcha toolchain windows/toolchain/gcc-arm-none-eabi/bin/../lib/gcc/arm-none-eabi/11.2.1/thumb/v7e-m+fp/hard\libc_nano.a(lib_a-lseekr.o)
 .text          0x0800fe90        0x0 c:/users/luke/desktop/mcha toolchain windows/toolchain/gcc-arm-none-eabi/bin/../lib/gcc/arm-none-eabi/11.2.1/thumb/v7e-m+fp/hard\libc_nano.a(lib_a-memmove.o)
 .text          0x0800fe90        0x0 c:/users/luke/desktop/mcha toolchain windows/toolchain/gcc-arm-none-eabi/bin/../lib/gcc/arm-none-eabi/11.2.1/thumb/v7e-m+fp/hard\libc_nano.a(lib_a-nano-reallocr.o)
 .text          0x0800fe90        0x0 c:/users/luke/desktop/mcha toolchain windows/toolchain/gcc-arm-none-eabi/bin/../lib/gcc/arm-none-eabi/11.2.1/thumb/v7e-m+fp/hard\libc_nano.a(lib_a-readr.o)
 .text          0x0800fe90        0x0 c:/users/luke/desktop/mcha toolchain windows/toolchain/gcc-arm-none-eabi/bin/../lib/gcc/arm-none-eabi/11.2.1/thumb/v7e-m+fp/hard\libc_nano.a(lib_a-abort.o)
 .text          0x0800fe90        0x0 c:/users/luke/desktop/mcha toolchain windows/toolchain/gcc-arm-none-eabi/bin/../lib/gcc/arm-none-eabi/11.2.1/thumb/v7e-m+fp/hard\libc_nano.a(lib_a-nano-msizer.o)
 .text          0x0800fe90        0x0 c:/users/luke/desktop/mcha toolchain windows/toolchain/gcc-arm-none-eabi/bin/../lib/gcc/arm-none-eabi/11.2.1/thumb/v7e-m+fp/hard\libc_nano.a(lib_a-signal.o)
 .text          0x0800fe90        0x0 c:/users/luke/desktop/mcha toolchain windows/toolchain/gcc-arm-none-eabi/bin/../lib/gcc/arm-none-eabi/11.2.1/thumb/v7e-m+fp/hard\libc_nano.a(lib_a-signalr.o)
 .text          0x0800fe90      0x254 c:/users/luke/desktop/mcha toolchain windows/toolchain/gcc-arm-none-eabi/bin/../lib/gcc/arm-none-eabi/11.2.1/thumb/v7e-m+fp/hard\libgcc.a(_arm_muldf3.o)
 .text          0x080100e4      0x378 c:/users/luke/desktop/mcha toolchain windows/toolchain/gcc-arm-none-eabi/bin/../lib/gcc/arm-none-eabi/11.2.1/thumb/v7e-m+fp/hard\libgcc.a(_arm_addsubdf3.o)
                0x080100e4                __aeabi_drsub
                0x080100ec                __aeabi_dsub
                0x080100ec                __subdf3
                0x080100f0                __aeabi_dadd
                0x080100f0                __adddf3
                0x08010368                __floatunsidf
                0x08010368                __aeabi_ui2d
                0x08010388                __floatsidf
                0x08010388                __aeabi_i2d
                0x080103ac                __aeabi_f2d
                0x080103ac                __extendsfdf2
                0x080103f0                __floatundidf
                0x080103f0                __aeabi_ul2d
                0x08010400                __floatdidf
                0x08010400                __aeabi_l2d
 .text          0x0801045c      0x424 c:/users/luke/desktop/mcha toolchain windows/toolchain/gcc-arm-none-eabi/bin/../lib/gcc/arm-none-eabi/11.2.1/thumb/v7e-m+fp/hard\libgcc.a(_arm_muldivdf3.o)
                0x0801045c                __aeabi_dmul
                0x0801045c                __muldf3
                0x080106b0                __divdf3
                0x080106b0                __aeabi_ddiv
 .text          0x08010880      0x110 c:/users/luke/desktop/mcha toolchain windows/toolchain/gcc-arm-none-eabi/bin/../lib/gcc/arm-none-eabi/11.2.1/thumb/v7e-m+fp/hard\libgcc.a(_arm_cmpdf2.o)
                0x08010880                __gtdf2
                0x08010880                __gedf2
                0x08010888                __ltdf2
                0x08010888                __ledf2
                0x08010890                __nedf2
                0x08010890                __eqdf2
                0x08010890                __cmpdf2
                0x0801090c                __aeabi_cdrcmple
                0x0801091c                __aeabi_cdcmpeq
                0x0801091c                __aeabi_cdcmple
                0x0801092c                __aeabi_dcmpeq
                0x08010940                __aeabi_dcmplt
                0x08010954                __aeabi_dcmple
                0x08010968                __aeabi_dcmpge
                0x0801097c                __aeabi_dcmpgt
 .text          0x08010990       0x2c c:/users/luke/desktop/mcha toolchain windows/toolchain/gcc-arm-none-eabi/bin/../lib/gcc/arm-none-eabi/11.2.1/thumb/v7e-m+fp/hard\libgcc.a(_arm_unorddf2.o)
                0x08010990                __unorddf2
                0x08010990                __aeabi_dcmpun
 .text          0x080109bc       0x50 c:/users/luke/desktop/mcha toolchain windows/toolchain/gcc-arm-none-eabi/bin/../lib/gcc/arm-none-eabi/11.2.1/thumb/v7e-m+fp/hard\libgcc.a(_arm_fixdfsi.o)
                0x080109bc                __aeabi_d2iz
                0x080109bc                __fixdfsi
 .text          0x08010a0c       0x40 c:/users/luke/desktop/mcha toolchain windows/toolchain/gcc-arm-none-eabi/bin/../lib/gcc/arm-none-eabi/11.2.1/thumb/v7e-m+fp/hard\libgcc.a(_arm_fixunsdfsi.o)
                0x08010a0c                __aeabi_d2uiz
                0x08010a0c                __fixunsdfsi
 .text          0x08010a4c       0xa0 c:/users/luke/desktop/mcha toolchain windows/toolchain/gcc-arm-none-eabi/bin/../lib/gcc/arm-none-eabi/11.2.1/thumb/v7e-m+fp/hard\libgcc.a(_arm_truncdfsf2.o)
                0x08010a4c                __truncdfsf2
                0x08010a4c                __aeabi_d2f
 .text          0x08010aec        0x0 c:/users/luke/desktop/mcha toolchain windows/toolchain/gcc-arm-none-eabi/bin/../lib/gcc/arm-none-eabi/11.2.1/thumb/v7e-m+fp/hard\libgcc.a(_fixdfdi.o)
 .text          0x08010aec        0x0 c:/users/luke/desktop/mcha toolchain windows/toolchain/gcc-arm-none-eabi/bin/../lib/gcc/arm-none-eabi/11.2.1/thumb/v7e-m+fp/hard\libgcc.a(_fixunsdfdi.o)
 .text          0x08010aec        0x0 c:/users/luke/desktop/mcha toolchain windows/toolchain/gcc-arm-none-eabi/bin/../lib/gcc/arm-none-eabi/11.2.1/thumb/v7e-m+fp/hard\libnosys.a(close.o)
 .text          0x08010aec        0x0 c:/users/luke/desktop/mcha toolchain windows/toolchain/gcc-arm-none-eabi/bin/../lib/gcc/arm-none-eabi/11.2.1/thumb/v7e-m+fp/hard\libnosys.a(fstat.o)
 .text          0x08010aec        0x0 c:/users/luke/desktop/mcha toolchain windows/toolchain/gcc-arm-none-eabi/bin/../lib/gcc/arm-none-eabi/11.2.1/thumb/v7e-m+fp/hard\libnosys.a(getpid.o)
 .text          0x08010aec        0x0 c:/users/luke/desktop/mcha toolchain windows/toolchain/gcc-arm-none-eabi/bin/../lib/gcc/arm-none-eabi/11.2.1/thumb/v7e-m+fp/hard\libnosys.a(isatty.o)
 .text          0x08010aec        0x0 c:/users/luke/desktop/mcha toolchain windows/toolchain/gcc-arm-none-eabi/bin/../lib/gcc/arm-none-eabi/11.2.1/thumb/v7e-m+fp/hard\libnosys.a(kill.o)
 .text          0x08010aec        0x0 c:/users/luke/desktop/mcha toolchain windows/toolchain/gcc-arm-none-eabi/bin/../lib/gcc/arm-none-eabi/11.2.1/thumb/v7e-m+fp/hard\libnosys.a(lseek.o)
 .text          0x08010aec        0x0 c:/users/luke/desktop/mcha toolchain windows/toolchain/gcc-arm-none-eabi/bin/../lib/gcc/arm-none-eabi/11.2.1/thumb/v7e-m+fp/hard\libnosys.a(_exit.o)
 .text          0x08010aec        0x0 c:/users/luke/desktop/mcha toolchain windows/toolchain/gcc-arm-none-eabi/bin/../lib/gcc/arm-none-eabi/11.2.1/thumb/v7e-m+fp/hard/crtend.o
 .text          0x08010aec        0x0 c:/users/luke/desktop/mcha toolchain windows/toolchain/gcc-arm-none-eabi/bin/../lib/gcc/arm-none-eabi/11.2.1/thumb/v7e-m+fp/hard/crtn.o
 *(.text*)
 .text.deregister_tm_clones
                0x08010aec       0x1c c:/users/luke/desktop/mcha toolchain windows/toolchain/gcc-arm-none-eabi/bin/../lib/gcc/arm-none-eabi/11.2.1/thumb/v7e-m+fp/hard/crtbegin.o
 .text.register_tm_clones
                0x08010b08       0x24 c:/users/luke/desktop/mcha toolchain windows/toolchain/gcc-arm-none-eabi/bin/../lib/gcc/arm-none-eabi/11.2.1/thumb/v7e-m+fp/hard/crtbegin.o
 .text.__do_global_dtors_aux
                0x08010b2c       0x28 c:/users/luke/desktop/mcha toolchain windows/toolchain/gcc-arm-none-eabi/bin/../lib/gcc/arm-none-eabi/11.2.1/thumb/v7e-m+fp/hard/crtbegin.o
 .text.frame_dummy
                0x08010b54       0x24 c:/users/luke/desktop/mcha toolchain windows/toolchain/gcc-arm-none-eabi/bin/../lib/gcc/arm-none-eabi/11.2.1/thumb/v7e-m+fp/hard/crtbegin.o
 .text.startup  0x08010b78       0xa4 build/main.o
                0x08010b78                main
 .text.Reset_Handler
                0x08010c1c       0x50 build/startup_stm32f446xx.o
                0x08010c1c                Reset_Handler
 .text.Default_Handler
                0x08010c6c        0x2 build/startup_stm32f446xx.o
                0x08010c6c                RTC_Alarm_IRQHandler
                0x08010c6c                EXTI2_IRQHandler
                0x08010c6c                TIM8_CC_IRQHandler
                0x08010c6c                SPI4_IRQHandler
                0x08010c6c                TIM1_CC_IRQHandler
                0x08010c6c                DMA2_Stream5_IRQHandler
                0x08010c6c                DMA1_Stream5_IRQHandler
                0x08010c6c                PVD_IRQHandler
                0x08010c6c                SDIO_IRQHandler
                0x08010c6c                TAMP_STAMP_IRQHandler
                0x08010c6c                CAN2_RX1_IRQHandler
                0x08010c6c                EXTI3_IRQHandler
                0x08010c6c                TIM8_TRG_COM_TIM14_IRQHandler
                0x08010c6c                TIM1_UP_TIM10_IRQHandler
                0x08010c6c                TIM8_UP_TIM13_IRQHandler
                0x08010c6c                I2C3_ER_IRQHandler
                0x08010c6c                FMPI2C1_Event_IRQHandler
                0x08010c6c                EXTI0_IRQHandler
                0x08010c6c                I2C2_EV_IRQHandler
                0x08010c6c                DMA1_Stream2_IRQHandler
                0x08010c6c                CAN1_RX0_IRQHandler
                0x08010c6c                FPU_IRQHandler
                0x08010c6c                OTG_HS_WKUP_IRQHandler
                0x08010c6c                CAN2_SCE_IRQHandler
                0x08010c6c                DMA2_Stream2_IRQHandler
                0x08010c6c                SPI1_IRQHandler
                0x08010c6c                TIM6_DAC_IRQHandler
                0x08010c6c                TIM1_BRK_TIM9_IRQHandler
                0x08010c6c                DCMI_IRQHandler
                0x08010c6c                CAN2_RX0_IRQHandler
                0x08010c6c                DMA2_Stream3_IRQHandler
                0x08010c6c                SAI2_IRQHandler
                0x08010c6c                USART6_IRQHandler
                0x08010c6c                USART3_IRQHandler
                0x08010c6c                CAN1_RX1_IRQHandler
                0x08010c6c                UART5_IRQHandler
                0x08010c6c                DMA2_Stream0_IRQHandler
                0x08010c6c                TIM4_IRQHandler
                0x08010c6c                QUADSPI_IRQHandler
                0x08010c6c                I2C1_EV_IRQHandler
                0x08010c6c                DMA1_Stream6_IRQHandler
                0x08010c6c                DMA1_Stream1_IRQHandler
                0x08010c6c                UART4_IRQHandler
                0x08010c6c                TIM3_IRQHandler
                0x08010c6c                RCC_IRQHandler
                0x08010c6c                TIM8_BRK_TIM12_IRQHandler
                0x08010c6c                Default_Handler
                0x08010c6c                CEC_IRQHandler
                0x08010c6c                EXTI15_10_IRQHandler
                0x08010c6c                ADC_IRQHandler
                0x08010c6c                DMA1_Stream7_IRQHandler
                0x08010c6c                TIM7_IRQHandler
                0x08010c6c                CAN2_TX_IRQHandler
                0x08010c6c                TIM5_IRQHandler
                0x08010c6c                DMA2_Stream7_IRQHandler
                0x08010c6c                I2C3_EV_IRQHandler
                0x08010c6c                EXTI9_5_IRQHandler
                0x08010c6c                RTC_WKUP_IRQHandler
                0x08010c6c                SPDIF_RX_IRQHandler
                0x08010c6c                SPI2_IRQHandler
                0x08010c6c                OTG_HS_EP1_IN_IRQHandler
                0x08010c6c                DMA1_Stream0_IRQHandler
                0x08010c6c                CAN1_TX_IRQHandler
                0x08010c6c                EXTI4_IRQHandler
                0x08010c6c                OTG_HS_EP1_OUT_IRQHandler
                0x08010c6c                WWDG_IRQHandler
                0x08010c6c                TIM2_IRQHandler
                0x08010c6c                OTG_FS_WKUP_IRQHandler
                0x08010c6c                TIM1_TRG_COM_TIM11_IRQHandler
                0x08010c6c                OTG_HS_IRQHandler
                0x08010c6c                EXTI1_IRQHandler
                0x08010c6c                I2C2_ER_IRQHandler
                0x08010c6c                DMA2_Stream1_IRQHandler
                0x08010c6c                CAN1_SCE_IRQHandler
                0x08010c6c                FLASH_IRQHandler
                0x08010c6c                DMA2_Stream4_IRQHandler
                0x08010c6c                USART1_IRQHandler
                0x08010c6c                OTG_FS_IRQHandler
                0x08010c6c                SPI3_IRQHandler
                0x08010c6c                DMA1_Stream4_IRQHandler
                0x08010c6c                I2C1_ER_IRQHandler
                0x08010c6c                FMC_IRQHandler
                0x08010c6c                DMA2_Stream6_IRQHandler
                0x08010c6c                SAI1_IRQHandler
                0x08010c6c                DMA1_Stream3_IRQHandler
                0x08010c6c                FMPI2C1_Error_IRQHandler
 *fill*         0x08010c6e        0x2 
 .text.__udivmoddi4
                0x08010c70      0x2c8 c:/users/luke/desktop/mcha toolchain windows/toolchain/gcc-arm-none-eabi/bin/../lib/gcc/arm-none-eabi/11.2.1/thumb/v7e-m+fp/hard\libgcc.a(_udivmoddi4.o)
                0x08010c70                __udivmoddi4
 .text.exit     0x08010f38       0x28 c:/users/luke/desktop/mcha toolchain windows/toolchain/gcc-arm-none-eabi/bin/../lib/gcc/arm-none-eabi/11.2.1/thumb/v7e-m+fp/hard\libc_nano.a(lib_a-exit.o)
                0x08010f38                exit
 .text._getchar_r
                0x08010f60       0x1a c:/users/luke/desktop/mcha toolchain windows/toolchain/gcc-arm-none-eabi/bin/../lib/gcc/arm-none-eabi/11.2.1/thumb/v7e-m+fp/hard\libc_nano.a(lib_a-getchar.o)
                0x08010f60                _getchar_r
 *fill*         0x08010f7a        0x2 
 .text.getchar  0x08010f7c       0x24 c:/users/luke/desktop/mcha toolchain windows/toolchain/gcc-arm-none-eabi/bin/../lib/gcc/arm-none-eabi/11.2.1/thumb/v7e-m+fp/hard\libc_nano.a(lib_a-getchar.o)
                0x08010f7c                getchar
 .text._getc_r  0x08010fa0       0x58 c:/users/luke/desktop/mcha toolchain windows/toolchain/gcc-arm-none-eabi/bin/../lib/gcc/arm-none-eabi/11.2.1/thumb/v7e-m+fp/hard\libc_nano.a(lib_a-getc.o)
                0x08010fa0                _getc_r
 .text.getc     0x08010ff8       0x60 c:/users/luke/desktop/mcha toolchain windows/toolchain/gcc-arm-none-eabi/bin/../lib/gcc/arm-none-eabi/11.2.1/thumb/v7e-m+fp/hard\libc_nano.a(lib_a-getc.o)
                0x08010ff8                getc
 .text.__libc_init_array
                0x08011058       0x48 c:/users/luke/desktop/mcha toolchain windows/toolchain/gcc-arm-none-eabi/bin/../lib/gcc/arm-none-eabi/11.2.1/thumb/v7e-m+fp/hard\libc_nano.a(lib_a-init.o)
                0x08011058                __libc_init_array
 .text.malloc   0x080110a0       0x10 c:/users/luke/desktop/mcha toolchain windows/toolchain/gcc-arm-none-eabi/bin/../lib/gcc/arm-none-eabi/11.2.1/thumb/v7e-m+fp/hard\libc_nano.a(lib_a-malloc.o)
                0x080110a0                malloc
 .text.free     0x080110b0       0x10 c:/users/luke/desktop/mcha toolchain windows/toolchain/gcc-arm-none-eabi/bin/../lib/gcc/arm-none-eabi/11.2.1/thumb/v7e-m+fp/hard\libc_nano.a(lib_a-malloc.o)
                0x080110b0                free
 .text.memcpy   0x080110c0       0x1c c:/users/luke/desktop/mcha toolchain windows/toolchain/gcc-arm-none-eabi/bin/../lib/gcc/arm-none-eabi/11.2.1/thumb/v7e-m+fp/hard\libc_nano.a(lib_a-memcpy-stub.o)
                0x080110c0                memcpy
 .text.memset   0x080110dc       0x10 c:/users/luke/desktop/mcha toolchain windows/toolchain/gcc-arm-none-eabi/bin/../lib/gcc/arm-none-eabi/11.2.1/thumb/v7e-m+fp/hard\libc_nano.a(lib_a-memset.o)
                0x080110dc                memset
 .text.mallinfo
                0x080110ec       0x14 c:/users/luke/desktop/mcha toolchain windows/toolchain/gcc-arm-none-eabi/bin/../lib/gcc/arm-none-eabi/11.2.1/thumb/v7e-m+fp/hard\libc_nano.a(lib_a-mstats.o)
                0x080110ec                mallinfo
 .text.malloc_stats
                0x08011100        0xc c:/users/luke/desktop/mcha toolchain windows/toolchain/gcc-arm-none-eabi/bin/../lib/gcc/arm-none-eabi/11.2.1/thumb/v7e-m+fp/hard\libc_nano.a(lib_a-mstats.o)
                0x08011100                malloc_stats
 .text.mallopt  0x0801110c       0x10 c:/users/luke/desktop/mcha toolchain windows/toolchain/gcc-arm-none-eabi/bin/../lib/gcc/arm-none-eabi/11.2.1/thumb/v7e-m+fp/hard\libc_nano.a(lib_a-mstats.o)
                0x0801110c                mallopt
 .text._mstats_r
                0x0801111c       0x2c c:/users/luke/desktop/mcha toolchain windows/toolchain/gcc-arm-none-eabi/bin/../lib/gcc/arm-none-eabi/11.2.1/thumb/v7e-m+fp/hard\libc_nano.a(lib_a-mstats.o)
                0x0801111c                _mstats_r
 .text.mstats   0x08011148       0x10 c:/users/luke/desktop/mcha toolchain windows/toolchain/gcc-arm-none-eabi/bin/../lib/gcc/arm-none-eabi/11.2.1/thumb/v7e-m+fp/hard\libc_nano.a(lib_a-mstats.o)
                0x08011148                mstats
 .text._free_r  0x08011158       0x98 c:/users/luke/desktop/mcha toolchain windows/toolchain/gcc-arm-none-eabi/bin/../lib/gcc/arm-none-eabi/11.2.1/thumb/v7e-m+fp/hard\libc_nano.a(lib_a-nano-freer.o)
                0x08011158                _free_r
 .text._mallinfo_r
                0x080111f0       0x68 c:/users/luke/desktop/mcha toolchain windows/toolchain/gcc-arm-none-eabi/bin/../lib/gcc/arm-none-eabi/11.2.1/thumb/v7e-m+fp/hard\libc_nano.a(lib_a-nano-mallinfor.o)
                0x080111f0                _mallinfo_r
 .text.sbrk_aligned
                0x08011258       0x40 c:/users/luke/desktop/mcha toolchain windows/toolchain/gcc-arm-none-eabi/bin/../lib/gcc/arm-none-eabi/11.2.1/thumb/v7e-m+fp/hard\libc_nano.a(lib_a-nano-mallocr.o)
 .text._malloc_r
                0x08011298       0xe8 c:/users/luke/desktop/mcha toolchain windows/toolchain/gcc-arm-none-eabi/bin/../lib/gcc/arm-none-eabi/11.2.1/thumb/v7e-m+fp/hard\libc_nano.a(lib_a-nano-mallocr.o)
                0x08011298                _malloc_r
 .text._mallopt_r
                0x08011380        0x4 c:/users/luke/desktop/mcha toolchain windows/toolchain/gcc-arm-none-eabi/bin/../lib/gcc/arm-none-eabi/11.2.1/thumb/v7e-m+fp/hard\libc_nano.a(lib_a-nano-malloptr.o)
                0x08011380                _mallopt_r
 .text._malloc_stats_r
                0x08011384       0x50 c:/users/luke/desktop/mcha toolchain windows/toolchain/gcc-arm-none-eabi/bin/../lib/gcc/arm-none-eabi/11.2.1/thumb/v7e-m+fp/hard\libc_nano.a(lib_a-nano-mallstatsr.o)
                0x08011384                _malloc_stats_r
 .text.__cvt    0x080113d4       0xc4 c:/users/luke/desktop/mcha toolchain windows/toolchain/gcc-arm-none-eabi/bin/../lib/gcc/arm-none-eabi/11.2.1/thumb/v7e-m+fp/hard\libc_nano.a(lib_a-nano-vfprintf_float.o)
                0x080113d4                __cvt
 .text.__exponent
                0x08011498       0x7c c:/users/luke/desktop/mcha toolchain windows/toolchain/gcc-arm-none-eabi/bin/../lib/gcc/arm-none-eabi/11.2.1/thumb/v7e-m+fp/hard\libc_nano.a(lib_a-nano-vfprintf_float.o)
                0x08011498                __exponent
 .text._printf_float
                0x08011514      0x46c c:/users/luke/desktop/mcha toolchain windows/toolchain/gcc-arm-none-eabi/bin/../lib/gcc/arm-none-eabi/11.2.1/thumb/v7e-m+fp/hard\libc_nano.a(lib_a-nano-vfprintf_float.o)
                0x08011514                _printf_float
 .text._printf_common
                0x08011980       0xda c:/users/luke/desktop/mcha toolchain windows/toolchain/gcc-arm-none-eabi/bin/../lib/gcc/arm-none-eabi/11.2.1/thumb/v7e-m+fp/hard\libc_nano.a(lib_a-nano-vfprintf_i.o)
                0x08011980                _printf_common
 *fill*         0x08011a5a        0x2 
 .text._printf_i
                0x08011a5c      0x244 c:/users/luke/desktop/mcha toolchain windows/toolchain/gcc-arm-none-eabi/bin/../lib/gcc/arm-none-eabi/11.2.1/thumb/v7e-m+fp/hard\libc_nano.a(lib_a-nano-vfprintf_i.o)
                0x08011a5c                _printf_i
 .text._scanf_float
                0x08011ca0      0x424 c:/users/luke/desktop/mcha toolchain windows/toolchain/gcc-arm-none-eabi/bin/../lib/gcc/arm-none-eabi/11.2.1/thumb/v7e-m+fp/hard\libc_nano.a(lib_a-nano-vfscanf_float.o)
                0x08011ca0                _scanf_float
 .text._printf_r
                0x080120c4       0x28 c:/users/luke/desktop/mcha toolchain windows/toolchain/gcc-arm-none-eabi/bin/../lib/gcc/arm-none-eabi/11.2.1/thumb/v7e-m+fp/hard\libc_nano.a(lib_a-printf.o)
                0x080120c4                _iprintf_r
                0x080120c4                _printf_r
 .text.printf   0x080120ec       0x30 c:/users/luke/desktop/mcha toolchain windows/toolchain/gcc-arm-none-eabi/bin/../lib/gcc/arm-none-eabi/11.2.1/thumb/v7e-m+fp/hard\libc_nano.a(lib_a-printf.o)
                0x080120ec                iprintf
                0x080120ec                printf
 .text.cleanup_glue
                0x0801211c       0x1a c:/users/luke/desktop/mcha toolchain windows/toolchain/gcc-arm-none-eabi/bin/../lib/gcc/arm-none-eabi/11.2.1/thumb/v7e-m+fp/hard\libc_nano.a(lib_a-reent.o)
                0x0801211c                cleanup_glue
 *fill*         0x08012136        0x2 
 .text._reclaim_reent
                0x08012138       0xb8 c:/users/luke/desktop/mcha toolchain windows/toolchain/gcc-arm-none-eabi/bin/../lib/gcc/arm-none-eabi/11.2.1/thumb/v7e-m+fp/hard\libc_nano.a(lib_a-reent.o)
                0x08012138                _reclaim_reent
 .text.__srget_r
                0x080121f0       0x58 c:/users/luke/desktop/mcha toolchain windows/toolchain/gcc-arm-none-eabi/bin/../lib/gcc/arm-none-eabi/11.2.1/thumb/v7e-m+fp/hard\libc_nano.a(lib_a-rget.o)
                0x080121f0                __srget_r
 .text.__srget  0x08012248       0x10 c:/users/luke/desktop/mcha toolchain windows/toolchain/gcc-arm-none-eabi/bin/../lib/gcc/arm-none-eabi/11.2.1/thumb/v7e-m+fp/hard\libc_nano.a(lib_a-rget.o)
                0x08012248                __srget
 .text._sbrk_r  0x08012258       0x20 c:/users/luke/desktop/mcha toolchain windows/toolchain/gcc-arm-none-eabi/bin/../lib/gcc/arm-none-eabi/11.2.1/thumb/v7e-m+fp/hard\libc_nano.a(lib_a-sbrkr.o)
                0x08012258                _sbrk_r
 .text.setvbuf  0x08012278      0x15c c:/users/luke/desktop/mcha toolchain windows/toolchain/gcc-arm-none-eabi/bin/../lib/gcc/arm-none-eabi/11.2.1/thumb/v7e-m+fp/hard\libc_nano.a(lib_a-setvbuf.o)
                0x08012278                setvbuf
 .text.nanf     0x080123d4        0xc c:/users/luke/desktop/mcha toolchain windows/toolchain/gcc-arm-none-eabi/bin/../lib/gcc/arm-none-eabi/11.2.1/thumb/v7e-m+fp/hard\libc_nano.a(lib_a-sf_nan.o)
                0x080123d4                nanf
 .text._sprintf_r
                0x080123e0       0x38 c:/users/luke/desktop/mcha toolchain windows/toolchain/gcc-arm-none-eabi/bin/../lib/gcc/arm-none-eabi/11.2.1/thumb/v7e-m+fp/hard\libc_nano.a(lib_a-sprintf.o)
                0x080123e0                _sprintf_r
                0x080123e0                _siprintf_r
 .text.sprintf  0x08012418       0x40 c:/users/luke/desktop/mcha toolchain windows/toolchain/gcc-arm-none-eabi/bin/../lib/gcc/arm-none-eabi/11.2.1/thumb/v7e-m+fp/hard\libc_nano.a(lib_a-sprintf.o)
                0x08012418                siprintf
                0x08012418                sprintf
 .text.sulp     0x08012458       0x38 c:/users/luke/desktop/mcha toolchain windows/toolchain/gcc-arm-none-eabi/bin/../lib/gcc/arm-none-eabi/11.2.1/thumb/v7e-m+fp/hard\libc_nano.a(lib_a-strtod.o)
 .text._strtod_l
                0x08012490      0xbe0 c:/users/luke/desktop/mcha toolchain windows/toolchain/gcc-arm-none-eabi/bin/../lib/gcc/arm-none-eabi/11.2.1/thumb/v7e-m+fp/hard\libc_nano.a(lib_a-strtod.o)
                0x08012490                _strtod_l
 .text._strtod_r
                0x08013070        0xc c:/users/luke/desktop/mcha toolchain windows/toolchain/gcc-arm-none-eabi/bin/../lib/gcc/arm-none-eabi/11.2.1/thumb/v7e-m+fp/hard\libc_nano.a(lib_a-strtod.o)
                0x08013070                _strtod_r
 .text.strtod_l
                0x0801307c       0x14 c:/users/luke/desktop/mcha toolchain windows/toolchain/gcc-arm-none-eabi/bin/../lib/gcc/arm-none-eabi/11.2.1/thumb/v7e-m+fp/hard\libc_nano.a(lib_a-strtod.o)
                0x0801307c                strtod_l
 .text.strtod   0x08013090       0x18 c:/users/luke/desktop/mcha toolchain windows/toolchain/gcc-arm-none-eabi/bin/../lib/gcc/arm-none-eabi/11.2.1/thumb/v7e-m+fp/hard\libc_nano.a(lib_a-strtod.o)
                0x08013090                strtod
 .text.strtof_l
                0x080130a8       0xb4 c:/users/luke/desktop/mcha toolchain windows/toolchain/gcc-arm-none-eabi/bin/../lib/gcc/arm-none-eabi/11.2.1/thumb/v7e-m+fp/hard\libc_nano.a(lib_a-strtod.o)
                0x080130a8                strtof_l
 .text.strtof   0x0801315c       0xb8 c:/users/luke/desktop/mcha toolchain windows/toolchain/gcc-arm-none-eabi/bin/../lib/gcc/arm-none-eabi/11.2.1/thumb/v7e-m+fp/hard\libc_nano.a(lib_a-strtod.o)
                0x0801315c                strtof
 .text._strtol_l.constprop.0
                0x08013214      0x104 c:/users/luke/desktop/mcha toolchain windows/toolchain/gcc-arm-none-eabi/bin/../lib/gcc/arm-none-eabi/11.2.1/thumb/v7e-m+fp/hard\libc_nano.a(lib_a-strtol.o)
 .text._strtol_r
                0x08013318        0x4 c:/users/luke/desktop/mcha toolchain windows/toolchain/gcc-arm-none-eabi/bin/../lib/gcc/arm-none-eabi/11.2.1/thumb/v7e-m+fp/hard\libc_nano.a(lib_a-strtol.o)
                0x08013318                _strtol_r
 .text.strtol_l
                0x0801331c       0x14 c:/users/luke/desktop/mcha toolchain windows/toolchain/gcc-arm-none-eabi/bin/../lib/gcc/arm-none-eabi/11.2.1/thumb/v7e-m+fp/hard\libc_nano.a(lib_a-strtol.o)
                0x0801331c                strtol_l
 .text.strtol   0x08013330       0x14 c:/users/luke/desktop/mcha toolchain windows/toolchain/gcc-arm-none-eabi/bin/../lib/gcc/arm-none-eabi/11.2.1/thumb/v7e-m+fp/hard\libc_nano.a(lib_a-strtol.o)
                0x08013330                strtol
 .text.vprintf  0x08013344       0x30 c:/users/luke/desktop/mcha toolchain windows/toolchain/gcc-arm-none-eabi/bin/../lib/gcc/arm-none-eabi/11.2.1/thumb/v7e-m+fp/hard\libc_nano.a(lib_a-vprintf.o)
                0x08013344                viprintf
                0x08013344                vprintf
 .text._vprintf_r
                0x08013374       0x26 c:/users/luke/desktop/mcha toolchain windows/toolchain/gcc-arm-none-eabi/bin/../lib/gcc/arm-none-eabi/11.2.1/thumb/v7e-m+fp/hard\libc_nano.a(lib_a-vprintf.o)
                0x08013374                _vprintf_r
                0x08013374                _viprintf_r
 .text.quorem   0x0801339a      0x110 c:/users/luke/desktop/mcha toolchain windows/toolchain/gcc-arm-none-eabi/bin/../lib/gcc/arm-none-eabi/11.2.1/thumb/v7e-m+fp/hard\libc_nano.a(lib_a-dtoa.o)
 *fill*         0x080134aa        0x6 
 .text._dtoa_r  0x080134b0      0xbe4 c:/users/luke/desktop/mcha toolchain windows/toolchain/gcc-arm-none-eabi/bin/../lib/gcc/arm-none-eabi/11.2.1/thumb/v7e-m+fp/hard\libc_nano.a(lib_a-dtoa.o)
                0x080134b0                _dtoa_r
 .text.__errno  0x08014094        0xc c:/users/luke/desktop/mcha toolchain windows/toolchain/gcc-arm-none-eabi/bin/../lib/gcc/arm-none-eabi/11.2.1/thumb/v7e-m+fp/hard\libc_nano.a(lib_a-errno.o)
                0x08014094                __errno
 .text.__sflush_r
                0x080140a0      0x10c c:/users/luke/desktop/mcha toolchain windows/toolchain/gcc-arm-none-eabi/bin/../lib/gcc/arm-none-eabi/11.2.1/thumb/v7e-m+fp/hard\libc_nano.a(lib_a-fflush.o)
                0x080140a0                __sflush_r
 .text._fflush_r
                0x080141ac       0x54 c:/users/luke/desktop/mcha toolchain windows/toolchain/gcc-arm-none-eabi/bin/../lib/gcc/arm-none-eabi/11.2.1/thumb/v7e-m+fp/hard\libc_nano.a(lib_a-fflush.o)
                0x080141ac                _fflush_r
 .text.fflush   0x08014200       0x24 c:/users/luke/desktop/mcha toolchain windows/toolchain/gcc-arm-none-eabi/bin/../lib/gcc/arm-none-eabi/11.2.1/thumb/v7e-m+fp/hard\libc_nano.a(lib_a-fflush.o)
                0x08014200                fflush
 .text.__fp_lock
                0x08014224        0x4 c:/users/luke/desktop/mcha toolchain windows/toolchain/gcc-arm-none-eabi/bin/../lib/gcc/arm-none-eabi/11.2.1/thumb/v7e-m+fp/hard\libc_nano.a(lib_a-findfp.o)
 .text.std      0x08014228       0x48 c:/users/luke/desktop/mcha toolchain windows/toolchain/gcc-arm-none-eabi/bin/../lib/gcc/arm-none-eabi/11.2.1/thumb/v7e-m+fp/hard\libc_nano.a(lib_a-findfp.o)
 .text._cleanup_r
                0x08014270        0xc c:/users/luke/desktop/mcha toolchain windows/toolchain/gcc-arm-none-eabi/bin/../lib/gcc/arm-none-eabi/11.2.1/thumb/v7e-m+fp/hard\libc_nano.a(lib_a-findfp.o)
                0x08014270                _cleanup_r
 .text.__fp_unlock
                0x0801427c        0x4 c:/users/luke/desktop/mcha toolchain windows/toolchain/gcc-arm-none-eabi/bin/../lib/gcc/arm-none-eabi/11.2.1/thumb/v7e-m+fp/hard\libc_nano.a(lib_a-findfp.o)
 .text.__sfmoreglue